usb-uclass.c:414:12:usb_match_device	4	static
usb-uclass.c:721:12:usb_child_post_bind	16	static
usb-uclass.c:451:12:usb_match_one_id_intf.isra.0	0	static
usb-uclass.c:236:13:remove_inactive_children.isra.0	24	static
usb-uclass.c:25:5:usb_lock_async	0	static
usb-uclass.c:36:5:usb_disable_asynch	0	static
usb-uclass.c:44:5:submit_int_msg	24	static
usb-uclass.c:57:5:submit_control_msg	24	static
usb-uclass.c:80:5:submit_bulk_msg	16	static
usb-uclass.c:92:19:create_int_queue	24	static
usb-uclass.c:106:7:poll_int_queue	4	static
usb-uclass.c:117:5:destroy_int_queue	4	static
usb-uclass.c:128:5:usb_alloc_device	0	static
usb-uclass.c:140:5:usb_reset_root_port	0	static
usb-uclass.c:151:5:usb_update_hub_device	0	static
usb-uclass.c:162:5:usb_get_max_xfer_size	0	static
usb-uclass.c:173:5:usb_stop	24	static
usb-uclass.c:389:5:usb_setup_ehci_gadget	24	static
usb-uclass.c:681:5:usb_detect_change	32	static
usb-uclass.c:744:17:usb_get_bus	8	static
usb-uclass.c:592:5:usb_scan_device	2528	static
usb-uclass.c:215:13:usb_scan_bus.isra.0	24	static
usb-uclass.c:250:5:usb_init	32	static
usb-uclass.c:759:5:usb_child_pre_probe	16	static
