serial-uclass.c:177:13:_serial_putc	16	static
serial-uclass.c:196:12:__serial_getc	16	static
serial-uclass.c:210:12:__serial_tstc	0	static
serial-uclass.c:346:13:serial_stub_putc	0	static
serial-uclass.c:357:12:serial_stub_getc	0	static
serial-uclass.c:362:12:serial_stub_tstc	0	static
serial-uclass.c:491:12:serial_pre_remove	8	static
serial-uclass.c:430:12:serial_post_probe	96	static
serial-uclass.c:352:13:serial_stub_puts	16	static
serial-uclass.c:261:6:serial_putc	0	static
serial-uclass.c:267:6:serial_puts	16	static
serial-uclass.c:273:5:serial_getc	0	static
serial-uclass.c:281:5:serial_tstc	0	static
serial-uclass.c:289:6:serial_setbrg	0	static
serial-uclass.c:160:5:serial_init	32	static
serial-uclass.c:172:6:serial_initialize	0	static
serial-uclass.c:373:12:on_baudrate	16	static
serial-uclass.c:301:5:serial_getconfig	0	static
serial-uclass.c:312:5:serial_setconfig	0	static
serial-uclass.c:323:5:serial_getinfo	0	static
serial-uclass.c:339:6:serial_stdio_init	0	static
