net.c:362:13:net_clear_handlers	0	static
net.c:686:13:start_again_timeout_handler	0	static
net.c:750:13:dummy_handler	0	static
net.c:220:12:on_ipaddr	8	static
net.c:232:12:on_gatewayip	8	static
net.c:244:12:on_netmask	8	static
net.c:256:12:on_serverip	8	static
net.c:354:13:net_init_loop.part.0	8	static
net.c:374:6:net_init	8	static
net.c:691:5:net_start_again	16	static
net.c:756:11:net_get_udp_handler	0	static
net.c:761:6:net_set_udp_handler	0	static
net.c:770:11:net_get_arp_handler	0	static
net.c:775:6:net_set_arp_handler	0	static
net.c:791:6:net_set_timeout_handler	8	static
net.c:806:8:net_get_async_tx_pkt_buf	8	static
net.c:1076:6:net_process_received_packet	32	static
net.c:1419:1:net_eth_hdr_size	0	static
net.c:1431:5:net_set_ether	24	static
net.c:1456:5:net_update_ether	16	static
net.c:1479:6:net_set_ip_header	16	static
net.c:1504:6:net_set_udp_header	32	static
net.c:821:5:net_send_ip_packet	40	static
net.c:814:5:net_send_udp_packet	32	static
net.c:1526:6:copy_filename	0	static
net.c:1538:5:is_serverip_in_cmd	8	static
net.c:1331:12:net_check_prereq	8	static
net.c:310:6:net_auto_load	8	static
net.c:405:5:net_loop	48	static
net.c:1543:5:net_parse_bootfile	24	static
net.c:1571:14:random_port	8	static
net.c:1577:6:ip_to_string	16	static
net.c:1588:6:vlan_to_string	0	static
net.c:1601:8:string_to_vlan	8	static
net.c:268:12:on_nvlan	8	static
net.c:280:12:on_vlan	8	static
net.c:1616:8:env_get_vlan	8	static
