efi_runtime.c:355:34:efi_reset_system	0	static
efi_runtime.c:388:42:efi_get_time	0	static
efi_runtime.c:408:42:efi_set_time	0	static
efi_runtime.c:835:42:efi_unimplemented	0	static
efi_runtime.c:457:42:efi_set_virtual_address_map_runtime	0	static
efi_runtime.c:479:42:efi_convert_pointer_runtime	0	static
efi_runtime.c:853:35:efi_update_capsule	0	static
efi_runtime.c:875:35:efi_query_capsule_caps	0	static
efi_runtime.c:165:20:efi_reset_system_boottime	24	static
efi_runtime.c:498:42:efi_convert_pointer	40	static
efi_runtime.c:300:28:efi_set_time_boottime	8	static
efi_runtime.c:213:28:efi_get_time_boottime	8	static
efi_runtime.c:144:20:efi_update_table_header_crc32	8	static
efi_runtime.c:109:14:efi_init_runtime_supported	16	static
efi_runtime.c:369:21:efi_reset_system_init	0	static
efi_runtime.c:431:6:efi_runtime_detach	0	static
efi_runtime.c:574:6:efi_runtime_relocate	56	static
efi_runtime.c:662:28:efi_set_virtual_address_map	48	static
efi_runtime.c:784:14:efi_add_runtime_mmio	32	static
