efi_console.c:454:28:efi_cout_enable_cursor	8	static
efi_console.c:423:28:efi_cout_set_cursor_position	24	static
efi_console.c:374:28:efi_cout_clear_screen	8	static
efi_console.c:345:28:efi_cout_set_attribute	8	static
efi_console.c:205:28:efi_cout_test_string	8	static
efi_console.c:408:28:efi_cout_reset	8	static
efi_console.c:876:28:efi_cin_set_state	8	static
efi_console.c:130:28:efi_cout_output_string	32	static
efi_console.c:957:28:efi_cin_unregister_key_notify	16	static
efi_console.c:762:13:efi_cin_empty_buffer	8	static
efi_console.c:1001:28:efi_cin_reset	8	static
efi_console.c:783:28:efi_cin_reset_ex	8	static
efi_console.c:906:28:efi_cin_register_key_notify	24	static
efi_console.c:68:12:term_get_char	16	static
efi_console.c:390:28:efi_cout_set_mode	16	static
efi_console.c:309:28:efi_cout_query_mode	16	static
efi_console.c:503:6:set_shift_mask	0	static
efi_console.c:527:12:analyze_modifiers.constprop	24	static
efi_console.c:735:13:efi_cin_check	32	static
efi_console.c:1033:28:efi_cin_read_key_stroke	16	static
efi_console.c:1087:20:efi_console_timer_notify	8	static
efi_console.c:815:28:efi_cin_read_key_stroke_ex	16	static
efi_console.c:1101:20:efi_key_notify	8	static
efi_console.c:1115:14:efi_console_register	48	static
