efi_device_path.c:425:36:dp_size	0	static
efi_device_path.c:59:14:dp_alloc	16	static
efi_device_path.c:659:17:dp_part_size	24	static
efi_device_path.c:694:14:dp_part_node	152	static
efi_device_path.c:497:29:dp_fill	24	static
efi_device_path.c:759:14:dp_part_fill	24	static
efi_device_path.c:77:25:efi_dp_next	0	static
efi_device_path.c:95:5:efi_dp_match	16	static
efi_device_path.c:221:31:efi_dp_last_node	8	static
efi_device_path.c:235:13:efi_dp_instance_size	8	static
efi_device_path.c:149:27:find_obj	48	static
efi_device_path.c:195:20:efi_dp_find_obj	16	static
efi_device_path.c:250:13:efi_dp_size	0	static
efi_device_path.c:264:25:efi_dp_dup	16	static
efi_device_path.c:280:25:efi_dp_append	24	static
efi_device_path.c:308:25:efi_dp_append_node	24	static
efi_device_path.c:340:25:efi_dp_create_device_node	16	static
efi_device_path.c:358:25:efi_dp_append_instance	24	static
efi_device_path.c:385:25:efi_dp_get_next_instance	24	static
efi_device_path.c:410:6:efi_dp_is_multi_instance	0	static
efi_device_path.c:799:25:efi_dp_from_part	16	static
efi_device_path.c:821:25:efi_dp_part_node	16	static
efi_device_path.c:873:25:efi_dp_from_file	32	static
efi_device_path.c:911:25:efi_dp_from_eth	8	static
efi_device_path.c:954:25:efi_dp_from_mem	32	static
efi_device_path.c:991:14:efi_dp_split_file_path	24	static
efi_device_path.c:1031:14:efi_dp_from_name	200	static
