efi_file.c:761:28:efi_file_open_ex	0	static
efi_file.c:769:28:efi_file_read_ex	0	static
efi_file.c:755:28:efi_file_flush	8	static
efi_file.c:528:28:efi_file_getpos	16	static
efi_file.c:54:12:set_blk_dev.isra.0	0	static
efi_file.c:173:32:file_open	64	static
efi_file.c:864:1:efi_open_volume	32	static
efi_file.c:247:28:efi_file_open	48	static
efi_file.c:476:28:efi_file_write	48	static
efi_file.c:310:28:efi_file_delete	16	static
efi_file.c:331:21:efi_get_file_size	16	static
efi_file.c:588:28:efi_file_getinfo	160	static
efi_file.c:556:28:efi_file_setpos	32	static
efi_file.c:435:28:efi_file_read	72	static
efi_file.c:775:28:efi_file_write_ex	0	static
efi_file.c:781:28:efi_file_flush_ex	0	static
efi_file.c:303:28:efi_file_close	8	static
efi_file.c:689:28:efi_file_setinfo	40	static
efi_file.c:811:25:efi_file_from_path	56	static
efi_file.c:877:1:efi_simple_file_system	24	static
