efi_variable.c:1320:1:efi_get_variable_runtime	0	static
efi_variable.c:1336:1:efi_get_next_variable_name_runtime	0	static
efi_variable.c:1353:1:efi_set_variable_runtime	0	static
efi_variable.c:81:21:efi_to_native	32	static
efi_variable.c:108:20:prefix	16	static
efi_variable.c:127:20:parse_attr.part.0	32	static
efi_variable.c:666:21:efi_get_variable_common.isra.0	56	static
efi_variable.c:413:6:efi_secure_boot_enabled	0	static
efi_variable.c:764:21:efi_get_nonvolatile_variable	0	static
efi_variable.c:789:21:efi_get_variable	40	static
efi_variable.c:891:21:efi_get_next_variable_name	336	static
efi_variable.c:1216:21:efi_set_nonvolatile_variable	24	static
efi_variable.c:1231:21:efi_set_variable_internal	24	static
efi_variable.c:189:21:efi_transfer_secure_state	40	static
efi_variable.c:968:21:efi_set_variable_common	80	static
efi_variable.c:1267:21:efi_set_variable	32	static
efi_variable.c:1300:35:efi_query_variable_info	0	static
efi_variable.c:1363:6:efi_variables_boot_exit_notify	0	static
efi_variable.c:1377:14:efi_init_variables	32	static
