efi_boottime.c:610:21:efi_is_event	0	static
efi_boottime.c:139:20:indent_string	16	static
efi_boottime.c:85:5:__efi_entry_check	0	static
efi_boottime.c:97:5:__efi_exit_check	0	static
efi_boottime.c:177:13:efi_process_event_queue	32	static
efi_boottime.c:209:13:efi_queue_event	8	static
efi_boottime.c:2669:20:efi_set_mem	16	static
efi_boottime.c:2650:20:efi_copy_mem	16	static
efi_boottime.c:2623:28:efi_calculate_crc32	16	static
efi_boottime.c:2085:28:efi_set_watchdog_timer	8	static
efi_boottime.c:2031:28:efi_get_next_monotonic_count	8	static
efi_boottime.c:1382:28:efi_register_protocol_notify	24	static
efi_boottime.c:958:28:efi_close_event	40	static
efi_boottime.c:461:28:efi_free_pool_ext	8	static
efi_boottime.c:439:28:efi_allocate_pool_ext	16	static
efi_boottime.c:410:28:efi_get_memory_map_ext	24	static
efi_boottime.c:384:28:efi_free_pages_ext	16	static
efi_boottime.c:361:28:efi_allocate_pages_ext	16	static
efi_boottime.c:304:29:efi_raise_tpl	16	static
efi_boottime.c:107:6:efi_save_gd	0	static
efi_boottime.c:119:6:efi_restore_gd	0	static
efi_boottime.c:148:13:__efi_nesting	0	static
efi_boottime.c:153:13:__efi_nesting_inc	0	static
efi_boottime.c:158:13:__efi_nesting_dec	0	static
efi_boottime.c:241:14:is_valid_tpl	0	static
efi_boottime.c:264:6:efi_signal_event	24	static
efi_boottime.c:1942:28:efi_exit_boot_services	16	static
efi_boottime.c:938:28:efi_signal_event_ext	16	static
efi_boottime.c:478:6:efi_add_handle	0	static
efi_boottime.c:492:14:efi_create_handle	8	static
efi_boottime.c:640:14:efi_create_event	40	static
efi_boottime.c:708:21:efi_create_event_ex	24	static
efi_boottime.c:753:28:efi_create_event_ext	24	static
efi_boottime.c:775:6:efi_timer_check	32	static
efi_boottime.c:2058:28:efi_stall	24	static
efi_boottime.c:1005:28:efi_check_event	16	static
efi_boottime.c:879:28:efi_wait_for_event	32	static
efi_boottime.c:329:20:efi_restore_tpl	8	static
efi_boottime.c:813:14:efi_set_timer	40	static
efi_boottime.c:858:28:efi_set_timer_ext	16	static
efi_boottime.c:1027:20:efi_search_obj	0	static
efi_boottime.c:514:14:efi_search_protocol	24	static
efi_boottime.c:547:14:efi_remove_protocol	24	static
efi_boottime.c:2331:28:efi_locate_protocol	32	static
efi_boottime.c:2158:28:efi_open_protocol_information	32	static
efi_boottime.c:1477:21:efi_locate_handle	32	static
efi_boottime.c:2285:21:efi_locate_handle_buffer	48	static
efi_boottime.c:2403:28:efi_locate_device_path	72	static
efi_boottime.c:1568:28:efi_locate_handle_ext	24	static
efi_boottime.c:570:14:efi_remove_all_protocols	16	static
efi_boottime.c:595:6:efi_delete_handle	8	static
efi_boottime.c:2109:21:efi_close_protocol	32	static
efi_boottime.c:2956:21:efi_delete_image	32	static
efi_boottime.c:2804:28:efi_open_protocol	40	static
efi_boottime.c:3502:28:efi_disconnect_controller	56	static
efi_boottime.c:1257:21:efi_disconnect_all_drivers	32	static
efi_boottime.c:3191:21:efi_handle_protocol	16	static
efi_boottime.c:3207:21:efi_bind_controller	40	static
efi_boottime.c:3103:28:efi_exit	40	static
efi_boottime.c:1296:21:efi_uninstall_protocol	32	static
efi_boottime.c:1348:28:efi_uninstall_protocol_interface	16	static
efi_boottime.c:2876:21:efi_start_image	40	static
efi_boottime.c:3009:21:efi_unload_image	32	static
efi_boottime.c:2221:28:efi_protocols_per_handle	24	static
efi_boottime.c:3325:28:efi_connect_controller	56	static
efi_boottime.c:1084:14:efi_add_protocol	32	static
efi_boottime.c:1145:28:efi_install_protocol_interface	24	static
efi_boottime.c:2485:21:efi_install_multiple_protocol_interfaces	48	static
efi_boottime.c:2559:28:efi_uninstall_multiple_protocol_interfaces	24	static
efi_boottime.c:3393:28:efi_reinstall_protocol_interface	24	static
efi_boottime.c:1607:14:efi_install_configuration_table	32	static
efi_boottime.c:1667:28:efi_install_configuration_table_ext	8	static
efi_boottime.c:1689:14:efi_setup_loaded_image	32	static
efi_boottime.c:1844:21:efi_load_image	48	static
efi_boottime.c:3659:14:efi_initialize_system_table	16	static
