efi_net.c:664:13:efi_net_push	0	static
efi_net.c:711:28:efi_pxe_base_code_start	0	static
efi_net.c:718:28:efi_pxe_base_code_stop	0	static
efi_net.c:731:28:efi_pxe_base_code_discover	0	static
efi_net.c:739:28:efi_pxe_base_code_mtftp	0	static
efi_net.c:750:28:efi_pxe_base_code_udp_write	0	static
efi_net.c:762:28:efi_pxe_base_code_udp_read	0	static
efi_net.c:773:28:efi_pxe_base_code_set_ip_filter	0	static
efi_net.c:780:28:efi_pxe_base_code_arp	0	static
efi_net.c:788:28:efi_pxe_base_code_set_parameters	0	static
efi_net.c:805:28:efi_pxe_base_code_set_packets	0	static
efi_net.c:677:20:efi_network_timer_notify	24	static
efi_net.c:408:28:efi_net_nvdata	8	static
efi_net.c:323:28:efi_net_statistics	8	static
efi_net.c:301:28:efi_net_station_address	8	static
efi_net.c:278:28:efi_net_receive_filters	8	static
efi_net.c:67:28:efi_net_start	16	static
efi_net.c:428:28:efi_net_get_status	16	static
efi_net.c:570:28:efi_net_receive	40	static
efi_net.c:481:28:efi_net_transmit	32	static
efi_net.c:345:28:efi_net_mcastiptomac	24	static
efi_net.c:231:28:efi_net_shutdown	16	static
efi_net.c:100:28:efi_net_stop	8	static
efi_net.c:135:28:efi_net_initialize	16	static
efi_net.c:191:28:efi_net_reset	8	static
efi_net.c:797:28:efi_pxe_base_code_set_station_ip	0	static
efi_net.c:724:28:efi_pxe_base_code_dhcp	0	static
efi_net.c:646:6:efi_net_set_dhcp_ack	16	static
efi_net.c:828:14:efi_net_register	40	static
