device.c:698:24:_device_find_global_by_ofnode	16	static
device.c:34:12:device_bind_common.isra.0	40	static
device.c:268:14:alloc_priv	16	static
device.c:223:5:device_bind_with_driver_data	24	static
device.c:232:5:device_bind	24	static
device.c:240:5:device_bind_ofnode	24	static
device.c:248:5:device_bind_by_name	40	static
device.c:312:5:device_ofdata_to_platdata	16	static
device.c:394:5:device_probe	16	static
device.c:564:12:device_get_device_tail.part.0	16	static
device.c:504:7:dev_get_platdata	8	static
device.c:514:7:dev_get_parent_platdata	8	static
device.c:524:7:dev_get_uclass_platdata	8	static
device.c:534:7:dev_get_priv	8	static
device.c:544:7:dev_get_uclass_priv	8	static
device.c:554:7:dev_get_parent_priv	8	static
device.c:608:5:device_get_child	4	static
device.c:621:5:device_get_child_count	0	static
device.c:632:5:device_find_child_by_seq	12	static
device.c:652:5:device_get_child_by_seq	24	static
device.c:670:5:device_find_child_by_of_offset	4	static
device.c:687:5:device_get_child_by_of_offset	16	static
device.c:715:5:device_find_global_by_ofnode	8	static
device.c:722:5:device_get_global_by_ofnode	8	static
device.c:730:5:device_find_first_child	0	static
device.c:742:5:device_find_next_child	0	static
device.c:757:5:device_find_first_inactive_child	8	static
device.c:775:5:device_find_first_child_by_uclass	4	static
device.c:792:5:device_find_child_by_name	24	static
device.c:809:5:device_first_child_err	16	static
device.c:820:5:device_next_child_err	16	static
device.c:831:5:device_first_child_ofdata_err	16	static
device.c:849:5:device_next_child_ofdata_err	16	static
device.c:867:17:dev_get_parent	0	static
device.c:872:7:dev_get_driver_data	0	static
device.c:877:13:dev_get_driver_ops	0	static
device.c:885:16:device_get_uclass_id	0	static
device.c:890:13:dev_get_uclass_name	0	static
device.c:898:6:device_has_children	0	static
device.c:903:6:device_has_active_children	16	static
device.c:917:6:device_is_last_sibling	0	static
device.c:926:6:device_set_name_alloced	0	static
device.c:931:5:device_set_name	8	static
device.c:943:6:device_is_compatible	8	static
device.c:948:6:of_machine_is_compatible	8	static
device.c:955:5:dev_disable_by_path	8	static
device.c:985:5:dev_enable_by_path	8	static
