fdtaddr.c:19:12:devfdt_get_addr_index	32	static
fdtaddr.c:94:12:devfdt_get_addr_size_index	24	static
fdtaddr.c:116:12:devfdt_get_addr_name	8	static
fdtaddr.c:132:12:devfdt_get_addr_size_name	16	static
fdtaddr.c:149:12:devfdt_get_addr	0	static
fdtaddr.c:154:7:devfdt_get_addr_ptr	0	static
fdtaddr.c:159:7:devfdt_remap_addr_index	8	static
fdtaddr.c:169:7:devfdt_remap_addr_name	8	static
fdtaddr.c:179:7:devfdt_remap_addr	0	static
fdtaddr.c:184:7:devfdt_map_physmem	8	static
fdtaddr.c:194:12:devfdt_get_addr_pci	0	static
