ofnode.c:32:5:ofnode_read_u32_index	24	static
ofnode.c:19:5:ofnode_read_u32	0	static
ofnode.c:24:5:ofnode_read_u32_default	16	static
ofnode.c:63:5:ofnode_read_u32_index_default	16	static
ofnode.c:72:5:ofnode_read_s32_default	16	static
ofnode.c:80:5:ofnode_read_u64	16	static
ofnode.c:104:5:ofnode_read_u64_default	16	static
ofnode.c:126:13:ofnode_read_prop	16	static
ofnode.c:158:13:ofnode_read_string	16	static
ofnode.c:176:5:ofnode_read_size	16	static
ofnode.c:186:8:ofnode_find_subnode	8	static
ofnode.c:212:5:ofnode_read_u32_array	16	static
ofnode.c:477:12:decode_timing_property	16	static
ofnode.c:228:8:ofnode_first_subnode	8	static
ofnode.c:238:8:ofnode_next_subnode	8	static
ofnode.c:248:8:ofnode_get_parent	8	static
ofnode.c:262:13:ofnode_get_name	0	static
ofnode.c:275:8:ofnode_get_by_phandle	8	static
ofnode.c:335:5:ofnode_stringlist_search	8	static
ofnode.c:356:5:ofnode_read_string_index	24	static
ofnode.c:373:5:ofnode_read_string_count	0	static
ofnode.c:401:5:ofnode_parse_phandle_with_args	104	static
ofnode.c:432:5:ofnode_count_phandle_with_args	24	static
ofnode.c:444:8:ofnode_path	8	static
ofnode.c:452:13:ofnode_read_chosen_prop	16	static
ofnode.c:461:13:ofnode_read_chosen_string	0	static
ofnode.c:466:8:ofnode_get_chosen_node	8	static
ofnode.c:565:13:ofnode_get_property	0	static
ofnode.c:112:6:ofnode_read_bool	8	static
ofnode.c:500:5:ofnode_decode_display_timing	24	static
ofnode.c:574:5:ofnode_get_first_property	8	static
ofnode.c:593:5:ofnode_get_next_property	8	static
ofnode.c:610:13:ofnode_get_property_by_prop	0	static
ofnode.c:622:6:ofnode_is_available	8	static
ofnode.c:631:12:ofnode_get_addr_size	0	static
ofnode.c:657:16:ofnode_read_u8_array_ptr	0	static
ofnode.c:675:5:ofnode_read_pci_addr	32	static
ofnode.c:729:5:ofnode_read_pci_vendev	40	static
ofnode.c:765:5:ofnode_read_addr_cells	0	static
ofnode.c:773:5:ofnode_read_size_cells	0	static
ofnode.c:288:12:ofnode_get_addr_size_index	40	static
ofnode.c:323:12:ofnode_get_addr_index	16	static
ofnode.c:330:12:ofnode_get_addr	0	static
ofnode.c:781:5:ofnode_read_simple_addr_cells	0	static
ofnode.c:789:5:ofnode_read_simple_size_cells	0	static
ofnode.c:797:6:ofnode_pre_reloc	8	static
ofnode.c:823:5:ofnode_read_resource	24	static
ofnode.c:843:5:ofnode_read_resource_byname	16	static
ofnode.c:855:5:ofnode_translate_address	0	static
ofnode.c:863:5:ofnode_translate_dma_address	0	static
ofnode.c:871:5:ofnode_device_is_compatible	8	static
ofnode.c:882:8:ofnode_by_compatible	8	static
ofnode.c:894:8:ofnode_by_prop_value	16	static
ofnode.c:908:5:ofnode_write_prop	0	static
ofnode.c:955:5:ofnode_write_string	0	static
ofnode.c:967:5:ofnode_set_enabled	0	static
