uclass.c:24:16:uclass_find	0	static
uclass.c:106:5:uclass_destroy	16	static
uclass.c:140:5:uclass_get	24	static
uclass.c:153:13:uclass_get_name	16	static
uclass.c:162:16:uclass_get_by_name	16	static
uclass.c:176:5:dev_get_uclass_index	12	static
uclass.c:197:5:uclass_find_device	24	static
uclass.c:220:5:uclass_find_first_device	16	static
uclass.c:237:5:uclass_find_next_device	0	static
uclass.c:250:5:uclass_find_device_by_name	24	static
uclass.c:274:5:uclass_find_next_free_req_seq	16	static
uclass.c:296:5:uclass_find_device_by_seq	24	static
uclass.c:326:5:uclass_find_device_by_of_offset	24	static
uclass.c:350:5:uclass_find_device_by_ofnode	24	static
uclass.c:382:5:uclass_find_device_by_phandle	32	static
uclass.c:413:5:uclass_get_device_by_driver	24	static
uclass.c:433:5:uclass_get_device_tail	16	static
uclass.c:448:5:uclass_get_device	16	static
uclass.c:458:5:uclass_get_device_by_name	16	static
uclass.c:469:5:uclass_get_device_by_seq	24	static
uclass.c:486:5:uclass_get_device_by_of_offset	16	static
uclass.c:497:5:uclass_get_device_by_ofnode	16	static
uclass.c:513:5:uclass_get_device_by_phandle_id	24	static
uclass.c:539:5:uclass_get_device_by_phandle	16	static
uclass.c:551:5:uclass_first_device	16	static
uclass.c:563:5:uclass_first_device_err	8	static
uclass.c:576:5:uclass_next_device	16	static
uclass.c:588:5:uclass_next_device_err	8	static
uclass.c:601:5:uclass_first_device_check	8	static
uclass.c:615:5:uclass_next_device_check	8	static
uclass.c:628:5:uclass_first_device_drvdata	24	static
uclass.c:645:5:uclass_bind_device	8	static
uclass.c:672:5:uclass_unbind_device	8	static
uclass.c:689:5:uclass_resolve_seq	24	static
uclass.c:720:5:uclass_pre_probe_device	8	static
uclass.c:744:5:uclass_post_probe_device	8	static
uclass.c:769:5:uclass_pre_remove_device	0	static
