gpio-uclass.c:499:12:_gpio_get_value	8	static
gpio-uclass.c:1128:12:gpio_post_bind	0	static
gpio-uclass.c:557:12:_dm_gpio_set_dir_flags	24	static
gpio-uclass.c:718:12:get_function	24	static
gpio-uclass.c:49:12:gpio_to_device	24	static
gpio-uclass.c:432:12:check_reserved	24	static
gpio-uclass.c:1051:12:gpio_renumber	32	static
gpio-uclass.c:1099:12:gpio_pre_remove	16	static
gpio-uclass.c:1088:12:gpio_post_probe	8	static
gpio-uclass.c:70:5:dm_gpio_lookup_name	40	static
gpio-uclass.c:108:5:gpio_lookup_name	40	static
gpio-uclass.c:133:5:gpio_xlate_offs_flags	0	static
gpio-uclass.c:297:5:gpio_hog_lookup_name	0	static
gpio-uclass.c:303:5:dm_gpio_request	24	static
gpio-uclass.c:328:12:dm_gpio_requestf	60	static
gpio-uclass.c:355:5:gpio_request	24	static
gpio-uclass.c:377:5:gpio_requestf	60	static
gpio-uclass.c:392:5:_dm_gpio_free	16	static
gpio-uclass.c:420:5:gpio_free	24	static
gpio-uclass.c:459:5:gpio_direction_input	24	static
gpio-uclass.c:483:5:gpio_direction_output	24	static
gpio-uclass.c:508:5:dm_gpio_get_value	8	static
gpio-uclass.c:519:5:dm_gpio_set_value	16	static
gpio-uclass.c:590:5:dm_gpio_set_dir_flags	16	static
gpio-uclass.c:897:12:gpio_request_tail	40	static
gpio-uclass.c:940:12:_gpio_request_by_name_nodev	128	static
gpio-uclass.c:609:5:dm_gpio_set_dir	8	static
gpio-uclass.c:620:5:dm_gpio_get_dir_flags	32	static
gpio-uclass.c:666:5:gpio_get_value	24	static
gpio-uclass.c:687:5:gpio_set_value	24	static
gpio-uclass.c:698:13:gpio_get_bank_info	8	static
gpio-uclass.c:747:5:gpio_get_function	0	static
gpio-uclass.c:752:5:gpio_get_raw_function	0	static
gpio-uclass.c:757:5:gpio_get_status	64	static
gpio-uclass.c:796:5:gpio_claim_vector	24	static
gpio-uclass.c:827:5:gpio_get_values_as_int	24	static
gpio-uclass.c:847:5:dm_gpio_get_values_as_int	32	static
gpio-uclass.c:954:5:gpio_request_by_name_nodev	16	static
gpio-uclass.c:961:5:gpio_request_by_name	128	static
gpio-uclass.c:1013:5:gpio_get_list_count	24	static
gpio-uclass.c:1028:5:dm_gpio_free	0	static
gpio-uclass.c:1034:5:gpio_free_list	24	static
gpio-uclass.c:1045:5:gpio_free_list_nodev	0	static
gpio-uclass.c:975:5:gpio_request_list_by_name_nodev	48	static
gpio-uclass.c:1000:5:gpio_request_list_by_name	0	static
gpio-uclass.c:1076:5:gpio_get_number	0	static
gpio-uclass.c:1113:5:gpio_dev_request_index	104	static
