mmc.c:952:12:do_mmcops	32	static
mmc.c:119:20:init_mmc_device	16	static
mmc.c:470:12:do_mmc_rescan	8	static
mmc.c:617:12:do_mmc_hwpartition	96	static
mmc.c:541:12:do_mmc_list	8	static
mmc.c:500:12:do_mmc_dev	24	static
mmc.c:899:12:do_mmc_boot_wp	8	static
mmc.c:16:13:print_mmcinfo	552	static
mmc.c:143:12:do_mmcinfo	8	static
mmc.c:846:12:do_mmc_setdsr	16	static
mmc.c:481:12:do_mmc_part	8	static
mmc.c:440:12:do_mmc_erase	24	static
mmc.c:410:12:do_mmc_write	24	static
mmc.c:317:12:do_mmc_read	24	static
