pxe_utils.c:768:13:eol_or_eof	0	static
pxe_utils.c:292:13:label_print	0	static
pxe_utils.c:260:13:label_destroy	8	static
pxe_utils.c:653:14:get_string	32	static
pxe_utils.c:723:13:get_token	32	static
pxe_utils.c:785:12:parse_sliteral	24	static
pxe_utils.c:805:12:parse_integer	32	static
pxe_utils.c:112:12:get_relfile	560	static
pxe_utils.c:215:12:get_relfile_envaddr	24	static
pxe_utils.c:40:5:format_mac_pxe	32	static
pxe_utils.c:345:12:label_boot	2280	static
pxe_utils.c:150:5:get_pxe_file	16	static
pxe_utils.c:835:12:handle_include	48	static
pxe_utils.c:1088:12:parse_pxefile_top	88	static
pxe_utils.c:191:5:get_pxelinux_path	544	static
pxe_utils.c:1167:6:destroy_pxe_menu	16	static
pxe_utils.c:1196:18:parse_pxefile	24	static
pxe_utils.c:1305:6:handle_pxe_menu	56	static
