log.h:454:19:log_init	0	static
board_f.c:134:12:display_text_info	0	static
board_f.c:271:12:setup_mon_len	0	static
board_f.c:299:12:arch_cpu_init	0	static
board_f.c:382:12:reserve_round_4k	0	static
board_f.c:429:12:reserve_uboot	0	static
board_f.c:240:12:dram_init_banksize	16	static
board_f.c:715:12:setup_reloc	8	static
board_f.c:499:12:reserve_board	8	static
board_f.c:393:12:reserve_video	16	static
board_f.c:206:12:announce_dram_init	8	static
board_f.c:128:12:init_baud_rate	8	static
board_f.c:820:12:initf_dm	0	static
board_f.c:786:12:initf_bootstage	8	static
board_f.c:856:12:clear_bss	0	static
board_f.c:288:12:setup_spl_handoff	0	static
board_f.c:304:12:mach_cpu_init	0	static
board_f.c:388:12:arch_reserve_mmu	0	static
board_f.c:417:12:reserve_trace	0	static
board_f.c:511:12:setup_machine	0	static
board_f.c:528:12:reserve_fdt	0	static
board_f.c:549:12:reserve_bootstage	0	static
board_f.c:580:12:reserve_bloblist	0	static
board_f.c:590:12:display_new_sp	0	static
board_f.c:664:12:reloc_fdt	0	static
board_f.c:678:12:reloc_bootstage	0	static
board_f.c:697:12:reloc_bloblist	0	static
board_f.c:811:12:initf_console_record	0	static
board_f.c:841:12:reserve_arch	0	static
board_f.c:846:12:arch_cpu_init_dm	0	static
board_f.c:851:12:checkcpu	0	static
board_f.c:486:12:reserve_malloc	0	static
board_f.c:519:12:reserve_global_data	0	static
board_f.c:78:13:coloured_LED_init	0	static
board_f.c:79:13:red_led_on	0	static
board_f.c:80:13:red_led_off	0	static
board_f.c:81:13:green_led_on	0	static
board_f.c:82:13:green_led_off	0	static
board_f.c:83:13:yellow_led_on	0	static
board_f.c:84:13:yellow_led_off	0	static
board_f.c:85:13:blue_led_on	0	static
board_f.c:86:13:blue_led_off	0	static
board_f.c:123:13:board_add_ram_info	0	static
board_f.c:212:12:show_dram_config	8	static
board_f.c:310:14:board_get_usable_ram_top	0	static
board_f.c:327:12:setup_dest_addr	16	static
board_f.c:563:12:arch_reserve_stacks	0	static
board_f.c:568:12:reserve_stacks	0	static
board_f.c:1003:6:board_init_f	16	static
