log.h:454:19:log_init	0	static
board_r.c:100:12:initr_trace	0	static
board_r.c:109:12:initr_reloc	0	static
board_r.c:640:12:run_main_loop	8	static
board_r.c:588:12:initr_net	8	static
board_r.c:522:12:initr_ethaddr	8	static
board_r.c:506:12:initr_jumptable	8	static
board_r.c:476:12:initr_env	8	static
board_r.c:446:12:initr_mmc	8	static
board_r.c:186:12:initr_serial	8	static
board_r.c:304:12:initr_dm	0	static
board_r.c:337:12:initr_bootstage	8	static
board_r.c:252:12:initr_malloc	8	static
board_r.c:135:12:initr_reloc_global_data	8	static
board_r.c:122:12:initr_caches	8	static
board_r.c:364:12:initr_binman	0	static
board_r.c:243:12:initr_barrier	0	static
board_r.c:271:12:initr_console_record	0	static
board_r.c:324:12:initr_dm_devices	0	static
board_r.c:344:12:power_init_board	0	static
board_r.c:349:12:initr_announce	0	static
board_r.c:72:12:board_flash_wp_on	0	static
board_r.c:82:13:cpu_secondary_init_r	0	static
board_r.c:86:12:initr_secondary_cpu	8	static
board_r.c:130:12:fixup_cpu	0	static
board_r.c:853:6:board_init_r	8	static
