command.c:86:12:find_cmd_tbl	32	static
command.c:120:12:find_cmd	0	static
command.c:127:5:cmd_usage	8	static
command.c:22:5:_do_help	48	dynamic
command.c:148:5:var_complete	16	static
command.c:180:5:complete_subcmdv	40	static
command.c:350:5:cmd_auto_complete	224	static
command.c:459:5:cmd_get_data_size	16	static
command.c:535:5:cmd_always_repeatable	4	static
command.c:543:5:cmd_never_repeatable	4	static
command.c:551:5:cmd_discard_repeatable	24	static
command.c:582:20:cmd_process	48	static
command.c:641:5:cmd_process_error	8	static
