image.c:588:12:on_loadaddr	8	static
image.c:223:5:image_check_hcrc	72	static
image.c:238:5:image_check_dcrc	8	static
image.c:260:7:image_multi_count	0	static
image.c:293:6:image_multi_getimg	16	static
image.c:418:5:image_decomp_type	16	static
image.c:604:7:env_get_bootm_low	8	static
image.c:621:13:env_get_bootm_size	16	static
image.c:649:13:env_get_bootm_mapsize	8	static
image.c:665:6:memmove_wd	0	static
image.c:700:6:genimg_print_size	8	static
image.c:728:22:get_table_entry	0	static
image.c:849:20:genimg_get_short_name	8	static
image.c:759:13:genimg_get_cat_name	16	static
image.c:783:13:genimg_get_cat_short_name	16	static
image.c:797:5:genimg_get_cat_count	0	static
image.c:802:13:genimg_get_cat_desc	0	static
image.c:821:7:get_table_entry_name	8	static
image.c:833:13:genimg_get_os_name	0	static
image.c:838:13:genimg_get_arch_name	0	static
image.c:844:13:genimg_get_type_name	0	static
image.c:433:5:image_decomp	32	static
image.c:861:13:genimg_get_type_short_name	0	static
image.c:866:13:genimg_get_comp_name	0	static
image.c:353:6:image_print_contents	40	static
image.c:872:13:genimg_get_comp_short_name	0	static
image.c:877:13:genimg_get_os_short_name	0	static
image.c:882:13:genimg_get_arch_short_name	0	static
image.c:901:5:get_table_entry_id	16	static
image.c:919:5:genimg_get_os_id	0	static
image.c:924:5:genimg_get_arch_id	0	static
image.c:929:5:genimg_get_type_id	0	static
image.c:934:5:genimg_get_comp_id	0	static
image.c:955:7:genimg_get_kernel_addr_fit	0	static
image.c:989:7:genimg_get_kernel_addr	16	static
image.c:1012:5:genimg_get_format	8	static
image.c:1044:5:genimg_has_config	0	static
image.c:1075:5:boot_get_ramdisk	40	static
image.c:1284:5:boot_ramdisk_high	32	static
image.c:1359:5:boot_get_setup	0	static
image.c:1631:5:image_setup_linux	24	static
