usb.c:324:1:usb_set_maxpacket_ep	0	static
usb.c:206:5:usb_int_msg	0	static
usb.c:222:5:usb_control_msg	152	static
usb.c:564:12:usb_get_descriptor	32	static
usb.c:929:12:get_descriptor_len	608	static
usb.c:954:12:usb_setup_descriptor	8	static
usb.c:730:12:usb_get_string	56	static
usb.c:766:12:usb_string_sub	32	static
usb.c:274:5:usb_bulk_msg	16	static
usb.c:303:5:usb_maxpacket	0	static
usb.c:535:5:usb_clear_halt	48	static
usb.c:576:5:usb_get_configuration_len	152	static
usb.c:599:5:usb_get_configuration_no	16	static
usb.c:629:5:usb_set_interface	40	static
usb.c:687:5:usb_set_protocol	32	static
usb.c:697:5:usb_set_idle	32	static
usb.c:707:5:usb_get_report	32	static
usb.c:719:5:usb_get_class_descriptor	32	static
usb.c:806:5:usb_string	600	static
usb.c:1078:5:usb_select_config	64	static
usb.c:1161:5:usb_setup_device	48	static
usb.c:1215:5:board_usb_init	0	static
usb.c:1221:5:board_usb_cleanup	0	static
usb.c:1226:6:usb_device_has_child_on_port	0	static
usb.c:1236:6:usb_find_usb2_hub_address_port	24	static
