usb_hub.c:108:12:usb_set_port_feature	32	static
usb_hub.c:101:12:usb_clear_port_feature	32	static
usb_hub.c:89:12:usb_get_hub_descriptor	32	static
usb_hub.c:59:13:usb_hub_reset_devices	0	static
usb_hub.c:70:6:usb_hub_is_root_hub	8	static
usb_hub.c:122:5:usb_get_port_status	40	static
usb_hub.c:336:5:usb_hub_port_connect_change	288	static
usb_hub.c:611:12:usb_hub_configure	776	static
usb_hub.c:916:5:usb_hub_probe	0	static
usb_hub.c:928:5:usb_hub_scan	8	static
usb_hub.c:935:12:usb_hub_post_probe	0	static
