mmc-uclass.c:425:12:mmc_blk_probe	8	static
mmc-uclass.c:54:5:dm_mmc_set_ios	0	static
mmc-uclass.c:63:5:mmc_set_ios	0	static
mmc-uclass.c:68:5:dm_mmc_wait_dat0	0	static
mmc-uclass.c:77:5:mmc_wait_dat0	0	static
mmc-uclass.c:82:5:dm_mmc_get_wp	0	static
mmc-uclass.c:91:5:mmc_getwp	0	static
mmc-uclass.c:96:5:dm_mmc_get_cd	0	static
mmc-uclass.c:105:5:mmc_getcd	0	static
mmc-uclass.c:143:5:dm_mmc_host_power_cycle	0	static
mmc-uclass.c:152:5:mmc_host_power_cycle	0	static
mmc-uclass.c:157:5:dm_mmc_deferred_probe	0	static
mmc-uclass.c:167:5:mmc_deferred_probe	0	static
mmc-uclass.c:172:5:mmc_of_parse	16	static
mmc-uclass.c:242:13:mmc_get_mmc_dev	8	static
mmc-uclass.c:16:5:dm_mmc_get_b_max	24	static
mmc-uclass.c:27:5:mmc_get_b_max	0	static
mmc-uclass.c:32:5:dm_mmc_send_cmd	16	static
mmc-uclass.c:49:5:mmc_send_cmd	0	static
mmc-uclass.c:405:12:mmc_select_hwpart	16	static
mmc-uclass.c:253:13:find_mmc_device	16	static
mmc-uclass.c:274:5:get_mmc_num	8	static
mmc-uclass.c:279:5:mmc_get_next_devnum	0	static
mmc-uclass.c:284:18:mmc_get_blk_desc	16	static
mmc-uclass.c:297:6:mmc_do_preinit	16	static
mmc-uclass.c:320:6:print_mmc_devices	40	static
mmc-uclass.c:353:5:mmc_bind	48	static
mmc-uclass.c:392:5:mmc_unbind	16	static
