mmc.c:644:12:mmc_send_op_cond_iter	40	static
mmc.c:481:12:mmc_go_idle	40	static
mmc.c:956:12:mmc_set_capacity	32	static
mmc.c:131:13:mmc_mode_name	0	static
mmc.c:205:5:mmc_send_status	48	static
mmc.c:754:12:__mmc_switch.constprop	48	static
mmc.c:227:5:mmc_poll_for_busy	32	static
mmc.c:269:5:mmc_set_blocklen	48	static
mmc.c:423:7:mmc_bread	88	static
mmc.c:733:5:mmc_send_ext_csd	56	static
mmc.c:1818:12:mmc_read_and_compare_ext_csd	592	static
mmc.c:831:12:mmc_set_card_speed.constprop	592	static
mmc.c:820:5:mmc_switch	0	static
mmc.c:2188:12:mmc_startup_v4	616	static
mmc.c:825:5:mmc_boot_wp	0	static
mmc.c:984:5:mmc_switch_part	32	static
mmc.c:1009:5:mmc_hwpart_config	656	static
mmc.c:1588:5:mmc_set_clock	0	static
mmc.c:2394:12:mmc_startup	432	static
mmc.c:1619:6:mmc_dump_capabilities	0	static
mmc.c:2768:5:mmc_get_op_cond	56	static
mmc.c:2852:5:mmc_start_init	8	static
mmc.c:2908:5:mmc_init	16	static
mmc.c:2959:5:mmc_set_dsr	0	static
mmc.c:2966:12:cpu_mmc_init	0	static
mmc.c:2972:12:board_mmc_init	0	static
mmc.c:2977:6:mmc_set_preinit	0	static
mmc.c:3021:5:mmc_initialize	24	static
mmc.c:3047:5:mmc_init_device	16	static
