fs.c:30:19:fs_probe_unsupported	8	static
fs.c:37:19:fs_ls_unsupported	0	static
fs.c:71:19:fs_exists_unsupported	0	static
fs.c:76:19:fs_size_unsupported	0	static
fs.c:81:19:fs_read_unsupported	0	static
fs.c:100:20:fs_close_unsupported	0	static
fs.c:109:19:fs_opendir_unsupported	0	static
fs.c:296:28:fs_get_info	0	static
fs.c:88:19:fs_write_unsupported	0	static
fs.c:120:19:fs_mkdir_unsupported	0	static
fs.c:95:19:fs_ln_unsupported	0	static
fs.c:104:19:fs_uuid_unsupported	0	static
fs.c:115:19:fs_unlink_unsupported	0	static
fs.c:318:5:fs_get_type	0	static
fs.c:331:13:fs_get_type_name	8	static
fs.c:336:5:fs_set_blk_dev	40	static
fs.c:381:5:fs_set_blk_dev_with_part	24	static
fs.c:405:6:fs_close	8	static
fs.c:414:5:fs_uuid	8	static
fs.c:421:5:fs_ls	8	static
fs.c:434:5:fs_exists	8	static
fs.c:447:5:fs_size	8	static
fs.c:526:5:fs_read	40	static
fs.c:532:5:fs_write	48	static
fs.c:552:23:fs_opendir	24	static
fs.c:571:19:fs_readdir	16	static
fs.c:590:6:fs_closedir	8	static
fs.c:44:12:fs_ls_generic	40	static
fs.c:604:5:fs_unlink	8	static
fs.c:617:5:fs_mkdir	8	static
fs.c:630:5:fs_ln	16	static
fs.c:646:5:do_size	24	static
fs.c:665:5:do_load	248	static
fs.c:739:5:do_ls	16	static
fs.c:756:5:file_exists	8	static
fs.c:765:5:do_save	64	static
fs.c:807:5:do_fs_uuid	56	static
fs.c:832:5:do_fs_type	16	static
fs.c:854:5:do_rm	8	static
fs.c:869:5:do_mkdir	8	static
fs.c:889:5:do_ln	8	static
