phy.c:444:5:genphy_shutdown	0	static
phy.c:149:5:genphy_restart_aneg	24	static
phy.c:176:5:genphy_config_aneg	32	static
phy.c:382:5:genphy_config	16	static
phy.c:220:5:genphy_update_link	24	static
phy.c:289:5:genphy_parse_link	24	static
phy.c:433:5:genphy_startup	8	static
phy.c:559:5:phy_register	0	static
phy.c:461:5:genphy_init	0	static
phy.c:468:5:phy_init	8	static
phy.c:585:5:phy_set_supported	0	static
phy.c:707:12:get_phy_id	24	static
phy.c:782:27:get_phy_device_by_mask	48	static
phy.c:830:5:phy_reset	24	static
phy.c:881:5:miiphy_reset	8	static
phy.c:896:20:phy_find_by_mask	16	static
phy.c:911:6:phy_connect_dev	24	static
phy.c:993:20:phy_connect	24	static
phy.c:1032:5:phy_startup	0	static
phy.c:1040:12:board_phy_config	0	static
phy.c:1047:5:phy_config	0	static
phy.c:1053:5:phy_shutdown	8	static
phy.c:1061:5:phy_get_interface_by_name	16	static
