vsprintf.c:53:14:put_dec_trunc	12	static
vsprintf.c:131:23:put_dec	40	static
vsprintf.c:160:14:number	128	static
vsprintf.c:281:14:string16	40	static
vsprintf.c:259:14:string	24	static
vsprintf.c:509:12:vsnprintf_internal	120	static
vsprintf.c:714:5:vsnprintf	0	static
vsprintf.c:720:5:vscnprintf	8	static
vsprintf.c:733:5:snprintf	16	static
vsprintf.c:745:5:scnprintf	16	static
vsprintf.c:770:5:vsprintf	0	static
vsprintf.c:775:5:sprintf	12	static
vsprintf.c:787:5:printf	1064	static
vsprintf.c:810:5:vprintf	1064	static
vsprintf.c:830:7:simple_itoa	24	static
vsprintf.c:845:6:print_grouped_ull	48	static
vsprintf.c:860:6:str2off	24	static
vsprintf.c:868:6:str2long	24	static
vsprintf.c:876:7:strmhz	16	static
