cache-cp15.c:229:13:cache_disable	16	static
cache-cp15.c:19:13:arm_init_before_mmu	0	static
cache-cp15.c:23:13:arm_init_domains	0	static
cache-cp15.c:27:6:set_section_dcache	0	static
cache-cp15.c:48:13:mmu_page_table_flush	0	static
cache-cp15.c:53:6:mmu_set_region_dcache_behaviour	24	static
cache-cp15.c:92:13:dram_bank_mmu_setup	8	static
cache-cp15.c:210:13:cache_enable	16	static
cache-cp15.c:272:6:icache_enable	0	static
cache-cp15.c:277:6:icache_disable	0	static
cache-cp15.c:282:5:icache_status	0	static
cache-cp15.c:304:6:dcache_enable	0	static
cache-cp15.c:309:6:dcache_disable	0	static
cache-cp15.c:314:5:dcache_status	0	static
