blk-uclass.c:171:12:get_desc	40	static
blk-uclass.c:643:12:blk_post_probe	8	static
blk-uclass.c:64:13:blk_get_if_type_name	0	static
blk-uclass.c:88:18:blk_get_devnum_by_typename	32	static
blk-uclass.c:145:18:blk_get_by_device	16	static
blk-uclass.c:216:5:blk_list_part	24	static
blk-uclass.c:241:5:blk_print_part_devnum	16	static
blk-uclass.c:256:6:blk_list_devices	24	static
blk-uclass.c:275:5:blk_print_device_num	24	static
blk-uclass.c:289:5:blk_show_device	24	static
blk-uclass.c:339:5:blk_select_hwpart	0	static
blk-uclass.c:351:5:blk_dselect_hwpart	0	static
blk-uclass.c:356:5:blk_first_device	16	static
blk-uclass.c:378:5:blk_next_device	16	static
blk-uclass.c:397:5:blk_find_device	32	static
blk-uclass.c:420:5:blk_get_device	8	static
blk-uclass.c:69:18:blk_get_devnum_by_type	16	static
blk-uclass.c:204:5:blk_select_hwpart_devnum	16	static
blk-uclass.c:431:15:blk_dread	40	static
blk-uclass.c:310:7:blk_read_devnum	24	static
blk-uclass.c:452:15:blk_dwrite	24	static
blk-uclass.c:327:7:blk_write_devnum	24	static
blk-uclass.c:465:15:blk_derase	24	static
blk-uclass.c:478:5:blk_get_from_parent	16	static
blk-uclass.c:504:5:blk_find_max_devnum	24	static
blk-uclass.c:524:5:blk_next_free_devnum	8	static
blk-uclass.c:562:5:blk_create_device	48	static
blk-uclass.c:595:5:blk_create_devicef	72	static
blk-uclass.c:618:5:blk_unbind_all	32	static
