fat.c:29:13:downcase	4	static
fat.c:470:13:mkcksum	0	static
fat.c:728:13:fat_itr_child	4	static
fat.c:44:12:disk_read	8	static
fat.c:247:1:get_cluster	40	dynamic
fat.c:488:1:read_bootsectandvi	24	static
fat.c:694:12:fat_itr_root	128	static
fat_write.c:999:12:split_filename	32	static
fat_write.c:31:12:disk_write	8	static
fat_write.c:106:12:flush_dirty_fat_buffer	24	static
fat.c:162:14:get_fatent	32	static
fat.c:819:19:next_dent	16	static
fat_write.c:265:12:set_fatent_value	32	static
fat_write.c:372:14:determine_fatent	16	static
fat_write.c:660:12:clear_fatent	24	static
fat_write.c:54:13:set_name	280	static
fat_write.c:403:1:set_sectors.isra.0	40	dynamic
fat_write.c:1055:12:normalize_longname	40	static
fat.c:903:12:fat_itr_next	48	static
fat.c:999:12:fat_itr_resolve	32	static
fat_write.c:473:1:flush_dir	12	static
fat_write.c:627:12:new_dir_table	24	static
fat_write.c:221:1:fill_dir_slot	672	static
fat_write.c:968:19:find_directory_entry	16	static
fat_write.c:724:1:set_contents	160	static
fat.c:59:5:fat_set_blk_dev	24	dynamic
fat.c:88:5:fat_register_device	136	static
fat.c:1076:5:file_fat_detectfs	120	static
fat.c:1138:5:fat_exists	64	static
fat.c:1158:5:fat_size	72	static
fat.c:1195:5:file_fat_read_at	120	static
fat.c:1227:5:file_fat_read	40	static
fat.c:1239:5:fat_read_file	48	static
fat.c:1258:5:fat_opendir	24	static
fat.c:1286:5:fat_readdir	16	static
fat.c:1309:6:fat_closedir	8	static
fat.c:1316:6:fat_close	0	static
fat_write.c:1075:5:file_fat_write_at	376	static
fat_write.c:1214:5:file_fat_write	40	static
fat_write.c:1286:5:fat_unlink	128	static
fat_write.c:1357:5:fat_mkdir	384	static
