lan7x.c:19:5:lan7x_write_reg	160	static
lan7x.c:40:5:lan7x_read_reg	168	static
lan7x.c:60:12:lan7x_phy_wait_not_busy	24	static
lan7x.c:137:12:lan7x_eeprom_confirm_not_busy	24	static
lan7x.c:152:12:lan7x_read_eeprom.part.0	40	static
lan7x.c:67:5:lan7x_mdio_read	24	static
lan7x.c:116:12:lan7x_phylib_mdio_read	16	static
lan7x.c:92:6:lan7x_mdio_write	24	static
lan7x.c:124:12:lan7x_phylib_mdio_write	16	static
lan7x.c:181:5:lan7x_phylib_register	16	static
lan7x.c:208:5:lan7x_eth_phylib_connect	16	static
lan7x.c:222:5:lan7x_eth_phylib_config_start	16	static
lan7x.c:262:5:lan7x_update_flowcontrol	24	static
lan7x.c:304:5:lan7x_read_eeprom_mac	16	static
lan7x.c:329:5:lan7x_pmt_phy_reset	24	static
lan7x.c:354:5:lan7x_basic_reset	24	static
lan7x.c:376:6:lan7x_eth_stop	0	static
lan7x.c:381:5:lan7x_eth_send	1648	static
lan7x.c:421:5:lan7x_eth_recv	32	static
lan7x.c:478:5:lan7x_free_pkt	8	static
lan7x.c:488:5:lan7x_eth_remove	8	static
