smsc95xx.c:945:6:smsc95xx_eth_stop	0	static
smsc95xx.c:675:12:smsc95xx_send_common	1648	static
smsc95xx.c:950:5:smsc95xx_eth_send	16	static
smsc95xx.c:957:5:smsc95xx_eth_recv	32	static
smsc95xx.c:1007:12:smsc95xx_free_pkt	8	static
smsc95xx.c:161:12:smsc95xx_write_reg	160	static
smsc95xx.c:182:12:smsc95xx_read_reg	168	static
smsc95xx.c:204:12:smsc95xx_phy_wait_not_busy	24	static
smsc95xx.c:218:12:smsc95xx_mdio_read	24	static
smsc95xx.c:1039:12:smsc95xx_eth_probe	8	static
smsc95xx.c:389:12:smsc95xx_write_hwaddr_common.isra.0	24	static
smsc95xx.c:1017:5:smsc95xx_write_hwaddr	16	static
smsc95xx.c:242:13:smsc95xx_mdio_write	24	static
smsc95xx.c:933:12:smsc95xx_eth_start	40	static
smsc95xx.c:1026:5:smsc95xx_read_rom_hwaddr	40	static
