Archive member included to satisfy reference by file (symbol)

arch/arm/lib/lib.a(lib1funcs.o)
                              cmd/built-in.o (__aeabi_uidiv)
arch/arm/lib/lib.a(div0.o)    arch/arm/lib/lib.a(lib1funcs.o) (__div0)

Discarded input sections

 .data          0x0000000000000000        0x0 arch/arm/cpu/armv7/start.o
 .bss           0x0000000000000000        0x0 arch/arm/cpu/armv7/start.o
 .text.v7_arch_cp15_set_l2aux_ctrl
                0x0000000000000000        0x8 arch/arm/cpu/armv7/built-in.o
 .text.v7_arch_cp15_set_acr
                0x0000000000000000        0x8 arch/arm/cpu/armv7/built-in.o
 .text.sdelay   0x0000000000000000        0xc arch/arm/cpu/armv7/built-in.o
 .text.wait_on_value
                0x0000000000000000       0x38 arch/arm/cpu/armv7/built-in.o
 .data          0x0000000000000000        0x0 arch/arm/cpu/armv7/built-in.o
 .bss           0x0000000000000000        0x0 arch/arm/cpu/armv7/built-in.o
 .text.armv7_boot_nonsec_default
                0x0000000000000000        0x8 arch/arm/lib/built-in.o
 .text.enable_caches
                0x0000000000000000        0xc arch/arm/lib/built-in.o
 .text.invalidate_dcache_range
                0x0000000000000000        0x4 arch/arm/lib/built-in.o
 .text.flush_dcache_range
                0x0000000000000000        0x4 arch/arm/lib/built-in.o
 .text.flush_dcache_all
                0x0000000000000000        0xc arch/arm/lib/built-in.o
 .text.arm_init_before_mmu
                0x0000000000000000        0x4 arch/arm/lib/built-in.o
 .text.mmu_page_table_flush
                0x0000000000000000        0x4 arch/arm/lib/built-in.o
 .text.icache_status
                0x0000000000000000       0x24 arch/arm/lib/built-in.o
 .text.fdt_psci
                0x0000000000000000        0x8 arch/arm/lib/built-in.o
 .rodata.enable_caches.str1.1
                0x0000000000000000       0x1d arch/arm/lib/built-in.o
 .data          0x0000000000000000        0x0 arch/arm/lib/built-in.o
 .__secure_end  0x0000000000000000        0x0 arch/arm/lib/built-in.o
 .__secure_stack_end
                0x0000000000000000        0x0 arch/arm/lib/built-in.o
 .__secure_stack_start
                0x0000000000000000        0x0 arch/arm/lib/built-in.o
 .__secure_start
                0x0000000000000000        0x0 arch/arm/lib/built-in.o
 .bss           0x0000000000000000        0x0 arch/arm/lib/built-in.o
 .text          0x0000000000000000        0x0 arch/arm/mach-bcm283x/built-in.o
 .text.hw_watchdog_disable
                0x0000000000000000        0x4 arch/arm/mach-bcm283x/built-in.o
 .data          0x0000000000000000        0x0 arch/arm/mach-bcm283x/built-in.o
 .bss           0x0000000000000000        0x0 arch/arm/mach-bcm283x/built-in.o
 .text.board_fdt_blob_setup
                0x0000000000000000       0x28 board/raspberrypi/rpi/built-in.o
 .bss           0x0000000000000000        0x0 board/raspberrypi/rpi/built-in.o
 .text          0x0000000000000000        0x0 cmd/built-in.o
 .text.bootz_setup
                0x0000000000000000       0x18 cmd/built-in.o
 .text.name_to_gpio
                0x0000000000000000        0xc cmd/built-in.o
 .rodata.bootz_setup.str1.1
                0x0000000000000000       0x34 cmd/built-in.o
 .data          0x0000000000000000        0x0 cmd/built-in.o
 .bss           0x0000000000000000        0x0 cmd/built-in.o
 .text          0x0000000000000000        0x0 common/built-in.o
 .text.board_init_f_init_stack_protection_addr
                0x0000000000000000        0x4 common/built-in.o
 .text.board_init_f_init_stack_protection
                0x0000000000000000        0x4 common/built-in.o
 .text.hash_finish_crc32
                0x0000000000000000       0x30 common/built-in.o
 .text.hash_finish_crc16_ccitt
                0x0000000000000000       0x30 common/built-in.o
 .text.hash_update_crc32
                0x0000000000000000       0x24 common/built-in.o
 .text.hash_init_crc32
                0x0000000000000000       0x24 common/built-in.o
 .text.hash_init_crc16_ccitt
                0x0000000000000000       0x24 common/built-in.o
 .text.hash_update_crc16_ccitt
                0x0000000000000000       0x24 common/built-in.o
 .text.hash_lookup_algo
                0x0000000000000000       0x58 common/built-in.o
 .text.hash_progressive_lookup_algo
                0x0000000000000000       0x70 common/built-in.o
 .text.hash_parse_string
                0x0000000000000000       0x68 common/built-in.o
 .text.hash_block
                0x0000000000000000       0x6c common/built-in.o
 .text.unset_local_var
                0x0000000000000000       0x98 common/built-in.o
 .text.arch_cpu_init
                0x0000000000000000        0x8 common/built-in.o
 .text.mach_cpu_init
                0x0000000000000000        0x8 common/built-in.o
 .text.arch_reserve_mmu
                0x0000000000000000        0x8 common/built-in.o
 .text.red_led_off
                0x0000000000000000        0x4 common/built-in.o
 .text.green_led_on
[...]
Memory Configuration

Name             Origin             Length             Attributes
*default*        0x0000000000000000 0xffffffffffffffff

Linker script and memory map

Address of section .text set to 0x8000
                0x0000000000000000                . = 0x0
                0x0000000000000000                . = ALIGN (0x4)

.text           0x0000000000008000      0x3b0
 *(.__image_copy_start)
 .__image_copy_start
                0x0000000000008000        0x0 arch/arm/lib/built-in.o
                0x0000000000008000                __image_copy_start
 *(.vectors)
 .vectors       0x0000000000008000      0x2e8 arch/arm/lib/built-in.o
                0x0000000000008000                _start
                0x0000000000008020                _undefined_instruction
                0x0000000000008024                _software_interrupt
                0x0000000000008028                _prefetch_abort
                0x000000000000802c                _data_abort
                0x0000000000008030                _not_used
                0x0000000000008034                _irq
                0x0000000000008038                _fiq
                0x0000000000008040                IRQ_STACK_START_IN
 arch/arm/cpu/armv7/start.o(.text*)
 .text          0x00000000000082e8       0xc8 arch/arm/cpu/armv7/start.o
                0x00000000000082e8                reset
                0x00000000000082ec                save_boot_params_ret
                0x00000000000082fc                switch_to_hypervisor_ret
                0x0000000000008330                c_runtime_cpu_setup
                0x0000000000008344                switch_to_hypervisor
                0x0000000000008348                cpu_init_cp15

.glue_7         0x00000000000083b0        0x0
 .glue_7        0x00000000000083b0        0x0 linker stubs

.glue_7t        0x00000000000083b0        0x0
 .glue_7t       0x00000000000083b0        0x0 linker stubs

.vfp11_veneer   0x00000000000083b0        0x0
 .vfp11_veneer  0x00000000000083b0        0x0 linker stubs

.v4_bx          0x00000000000083b0        0x0
 .v4_bx         0x00000000000083b0        0x0 linker stubs

.iplt           0x00000000000083b0        0x0
 .iplt          0x00000000000083b0        0x0 arch/arm/cpu/armv7/start.o

.__efi_runtime_start
                0x00000000000083b0        0x0
 *(.__efi_runtime_start)
 .__efi_runtime_start
                0x00000000000083b0        0x0 arch/arm/lib/built-in.o

.efi_runtime    0x00000000000083b0      0x998
 *(.text.efi_runtime*)
 .text.efi_runtime
                0x00000000000083b0       0x8c arch/arm/mach-bcm283x/built-in.o
                0x00000000000083e0                efi_reset_system
 .text.efi_runtime
                0x000000000000843c      0x23c lib/built-in.o
                0x0000000000008440                efi_get_time
                0x0000000000008448                efi_set_time
                0x0000000000008468                efi_update_capsule
                0x0000000000008470                efi_query_capsule_caps
                0x0000000000008548                efi_update_table_header_crc32
                0x0000000000008584                efi_query_variable_info
                0x000000000000858c                crc32_no_comp
                0x0000000000008664                crc32
 .text.efi_runtime_detach
                0x0000000000008678       0x34 lib/built-in.o
                0x0000000000008678                efi_runtime_detach
 .text.efi_runtime_relocate
                0x00000000000086ac      0x174 lib/built-in.o
                0x00000000000086ac                efi_runtime_relocate
 *(.rodata.efi_runtime*)
 .rodata.efi_runtime_relocate.str1.1
                0x0000000000008820       0x4e lib/built-in.o
 *(.data.efi_runtime*)
 *fill*         0x000000000000886e        0x2 
 .data.efi_runtime
                0x0000000000008870        0x4 arch/arm/mach-bcm283x/built-in.o
                0x0000000000008870                wdog_regs
 *fill*         0x0000000000008874        0x4 
 .data.efi_runtime
                0x0000000000008878      0x4c8 lib/built-in.o
                0x0000000000008878                efi_events
                0x0000000000008880                systab
                0x00000000000088f0                efi_runtime_services
 .data.efi_runtime_mmio
                0x0000000000008d40        0x8 lib/built-in.o
                0x0000000000008d40                efi_runtime_mmio

.__efi_runtime_stop
                0x0000000000008d48        0x0
 *(.__efi_runtime_stop)
 .__efi_runtime_stop
                0x0000000000008d48        0x0 arch/arm/lib/built-in.o

.text_rest      0x0000000000008d60    0x505f8
 *(.text*)
 .text          0x0000000000008d60      0x158 arch/arm/cpu/armv7/built-in.o
                0x0000000000008d60                __v7_flush_dcache_all
                0x0000000000008df4                v7_flush_dcache_all
                0x0000000000008e04                __v7_invalidate_dcache_all
                0x0000000000008e98                v7_invalidate_dcache_all
                0x0000000000008ea8                allow_unaligned
 .text.invalidate_icache_all
                0x0000000000008eb8       0x18 arch/arm/cpu/armv7/built-in.o
                0x0000000000008eb8                invalidate_icache_all
 .text.v7_outer_cache_enable
                0x0000000000008ed0        0x4 arch/arm/cpu/armv7/built-in.o
                0x0000000000008ed0                v7_outer_cache_enable
 .text.v7_outer_cache_disable
                0x0000000000008ed4        0x4 arch/arm/cpu/armv7/built-in.o
                0x0000000000008ed4                v7_outer_cache_disable
 .text.v7_outer_cache_flush_all
                0x0000000000008ed8        0x4 arch/arm/cpu/armv7/built-in.o
                0x0000000000008ed8                v7_outer_cache_flush_all
 .text.flush_dcache_all
                0x0000000000008edc       0x10 arch/arm/cpu/armv7/built-in.o
                0x0000000000008edc                flush_dcache_all
 .text.v7_outer_cache_inval_all
                0x0000000000008eec        0x4 arch/arm/cpu/armv7/built-in.o
                0x0000000000008eec                v7_outer_cache_inval_all
 .text.invalidate_dcache_all
                0x0000000000008ef0       0x10 arch/arm/cpu/armv7/built-in.o
                0x0000000000008ef0                invalidate_dcache_all
 .text.arm_init_before_mmu
                0x0000000000008f00       0x28 arch/arm/cpu/armv7/built-in.o
                0x0000000000008f00                arm_init_before_mmu
 .text.v7_outer_cache_flush_range
                0x0000000000008f28        0x4 arch/arm/cpu/armv7/built-in.o
                0x0000000000008f28                v7_outer_cache_flush_range
 .text.flush_dcache_range
                0x0000000000008f2c       0x54 arch/arm/cpu/armv7/built-in.o
                0x0000000000008f2c                flush_dcache_range
 .text.mmu_page_table_flush
                0x0000000000008f80       0x24 arch/arm/cpu/armv7/built-in.o
                0x0000000000008f80                mmu_page_table_flush
 .text.v7_outer_cache_inval_range
                0x0000000000008fa4        0x4 arch/arm/cpu/armv7/built-in.o
                0x0000000000008fa4                v7_outer_cache_inval_range
 .text.invalidate_dcache_range
                0x0000000000008fa8       0x64 arch/arm/cpu/armv7/built-in.o
                0x0000000000008fa8                invalidate_dcache_range
 .text.cpu_cache_initialization
                0x000000000000900c        0x4 arch/arm/cpu/armv7/built-in.o
                0x000000000000900c                cpu_cache_initialization
 .text.cleanup_before_linux_select
                0x0000000000009010       0x4c arch/arm/cpu/armv7/built-in.o
                0x0000000000009010                cleanup_before_linux_select
 .text.cleanup_before_linux
                0x000000000000905c        0x8 arch/arm/cpu/armv7/built-in.o
                0x000000000000905c                cleanup_before_linux
 *fill*         0x0000000000009064       0x1c 
 .text          0x0000000000009080      0x52c arch/arm/lib/built-in.o
                0x0000000000009080                _main
                0x0000000000009120                memset
                0x00000000000091fc                memcpy
 .text.setjmp   0x00000000000095ac       0x10 arch/arm/lib/built-in.o
                0x00000000000095ac                setjmp
 .text.longjmp  0x00000000000095bc       0x1c arch/arm/lib/built-in.o
                0x00000000000095bc                longjmp
 .text.relocate_vectors
                0x00000000000095d8       0x70 arch/arm/lib/built-in.o
                0x00000000000095d8                relocate_vectors
                0x00000000000095e4                relocate_code
 .text.arch_fixup_fdt
                0x0000000000009648       0x34 arch/arm/lib/built-in.o
                0x0000000000009648                arch_fixup_fdt
 .text.setup_initrd_tag.isra.0
                0x000000000000967c       0x40 arch/arm/lib/built-in.o
 .text.arch_lmb_reserve
                0x00000000000096bc       0x64 arch/arm/lib/built-in.o
                0x00000000000096bc                arch_lmb_reserve
 .text.board_quiesce_devices
                0x0000000000009720        0x4 arch/arm/lib/built-in.o
                0x0000000000009720                board_quiesce_devices
 .text.boot_jump_linux
                0x0000000000009724       0xd0 arch/arm/lib/built-in.o
 .text.setup_board_tags
                0x00000000000097f4        0x4 arch/arm/lib/built-in.o
                0x00000000000097f4                setup_board_tags
 .text.board_prep_linux
                0x00000000000097f8        0x4 arch/arm/lib/built-in.o
                0x00000000000097f8                board_prep_linux
 .text.boot_prep_linux
                0x00000000000097fc      0x18c arch/arm/lib/built-in.o
 .text.do_bootm_linux
                0x0000000000009988       0x64 arch/arm/lib/built-in.o
                0x0000000000009988                do_bootm_linux
 .text.boot_prep_vxworks
                0x00000000000099ec       0x4c arch/arm/lib/built-in.o
                0x00000000000099ec                boot_prep_vxworks
 .text.boot_jump_vxworks
                0x0000000000009a38        0xc arch/arm/lib/built-in.o
                0x0000000000009a38                boot_jump_vxworks
 .text.bootz_setup
                0x0000000000009a44       0xb4 arch/arm/lib/built-in.o
                0x0000000000009a44                bootz_setup
 .text.arch_reserve_stacks
                0x0000000000009af8       0x1c arch/arm/lib/built-in.o
                0x0000000000009af8                arch_reserve_stacks
 .text.interrupt_init
                0x0000000000009b14       0x1c arch/arm/lib/built-in.o
                0x0000000000009b14                interrupt_init
 .text.enable_interrupts
                0x0000000000009b30        0x4 arch/arm/lib/built-in.o
                0x0000000000009b30                enable_interrupts
 .text.disable_interrupts
                0x0000000000009b34        0x8 arch/arm/lib/built-in.o
                0x0000000000009b34                disable_interrupts
 .text.bad_mode
                0x0000000000009b3c       0x10 arch/arm/lib/built-in.o
                0x0000000000009b3c                bad_mode
 .text.show_regs
                0x0000000000009b4c      0x1cc arch/arm/lib/built-in.o
                0x0000000000009b4c                show_regs
 .text.do_undefined_instruction
                0x0000000000009d18       0x38 arch/arm/lib/built-in.o
                0x0000000000009d18                do_undefined_instruction
 .text.do_software_interrupt
                0x0000000000009d50       0x38 arch/arm/lib/built-in.o
                0x0000000000009d50                do_software_interrupt
 .text.do_prefetch_abort
                0x0000000000009d88       0x38 arch/arm/lib/built-in.o
                0x0000000000009d88                do_prefetch_abort
 .text.do_data_abort
                0x0000000000009dc0       0x38 arch/arm/lib/built-in.o
                0x0000000000009dc0                do_data_abort
 .text.do_not_used
                0x0000000000009df8       0x38 arch/arm/lib/built-in.o
                0x0000000000009df8                do_not_used
 .text.do_fiq   0x0000000000009e30       0x38 arch/arm/lib/built-in.o
                0x0000000000009e30                do_fiq
 .text.do_irq   0x0000000000009e68       0x38 arch/arm/lib/built-in.o
                0x0000000000009e68                do_irq
 .text.reset_misc
                0x0000000000009ea0        0x4 arch/arm/lib/built-in.o
                0x0000000000009ea0                reset_misc
 .text.do_reset
                0x0000000000009ea4       0x30 arch/arm/lib/built-in.o
                0x0000000000009ea4                do_reset
 .text.flush_cache
                0x0000000000009ed4        0x8 arch/arm/lib/built-in.o
                0x0000000000009ed4                flush_cache
 .text.check_cache_range
                0x0000000000009edc       0x34 arch/arm/lib/built-in.o
                0x0000000000009edc                check_cache_range
 .text.arm_reserve_mmu
                0x0000000000009f10       0x38 arch/arm/lib/built-in.o
                0x0000000000009f10                arm_reserve_mmu
 .text.arch_reserve_mmu
                0x0000000000009f48        0x4 arch/arm/lib/built-in.o
                0x0000000000009f48                arch_reserve_mmu
 .text.cache_disable
                0x0000000000009f4c       0x88 arch/arm/lib/built-in.o
 .text.arm_init_domains
                0x0000000000009fd4        0x4 arch/arm/lib/built-in.o
                0x0000000000009fd4                arm_init_domains
 .text.set_section_dcache
                0x0000000000009fd8       0x1c arch/arm/lib/built-in.o
                0x0000000000009fd8                set_section_dcache
 .text.mmu_set_region_dcache_behaviour
                0x0000000000009ff4       0x5c arch/arm/lib/built-in.o
                0x0000000000009ff4                mmu_set_region_dcache_behaviour
 .text.dram_bank_mmu_setup
                0x000000000000a050       0x4c arch/arm/lib/built-in.o
                0x000000000000a050                dram_bank_mmu_setup
 .text.cache_enable
                0x000000000000a09c      0x170 arch/arm/lib/built-in.o
 .text.icache_enable
                0x000000000000a20c        0x8 arch/arm/lib/built-in.o
                0x000000000000a20c                icache_enable
 .text.icache_disable
                0x000000000000a214        0x8 arch/arm/lib/built-in.o
                0x000000000000a214                icache_disable
 .text.dcache_enable
                0x000000000000a21c        0x8 arch/arm/lib/built-in.o
                0x000000000000a21c                dcache_enable
 .text.dcache_disable
                0x000000000000a224        0x8 arch/arm/lib/built-in.o
                0x000000000000a224                dcache_disable
 .text.dcache_status
                0x000000000000a22c       0x24 arch/arm/lib/built-in.o
                0x000000000000a22c                dcache_status
 .text.arch_cpu_init
                0x000000000000a250       0x10 arch/arm/mach-bcm283x/built-in.o
                0x000000000000a250                arch_cpu_init
 .text.mach_cpu_init
                0x000000000000a260       0x5c arch/arm/mach-bcm283x/built-in.o
                0x000000000000a260                mach_cpu_init
 .text.enable_caches
                0x000000000000a2bc        0x4 arch/arm/mach-bcm283x/built-in.o
                0x000000000000a2bc                enable_caches
 .text.reset_cpu
                0x000000000000a2c0       0x4c arch/arm/mach-bcm283x/built-in.o
                0x000000000000a2c0                reset_cpu
 .text.efi_reset_system_init
                0x000000000000a30c       0x60 arch/arm/mach-bcm283x/built-in.o
                0x000000000000a30c                efi_reset_system_init
 .text.bcm2835_mbox_call_raw
                0x000000000000a36c      0x14c arch/arm/mach-bcm283x/built-in.o
                0x000000000000a36c                bcm2835_mbox_call_raw
 .text.bcm2835_mbox_call_prop
                0x000000000000a4b8       0xe8 arch/arm/mach-bcm283x/built-in.o
                0x000000000000a4b8                bcm2835_mbox_call_prop
 .text.bcm2835_power_on_module
                0x000000000000a5a0       0x84 arch/arm/mach-bcm283x/built-in.o
                0x000000000000a5a0                bcm2835_power_on_module
 .text.bcm2835_get_mmc_clock
                0x000000000000a624       0x90 arch/arm/mach-bcm283x/built-in.o
                0x000000000000a624                bcm2835_get_mmc_clock
 .text.bcm2835_get_video_size
                0x000000000000a6b4       0x8c arch/arm/mach-bcm283x/built-in.o
                0x000000000000a6b4                bcm2835_get_video_size
 .text.bcm2835_set_video_params
                0x000000000000a740      0x1a8 arch/arm/mach-bcm283x/built-in.o
                0x000000000000a740                bcm2835_set_video_params
 .text.phys_to_bus
                0x000000000000a8e8        0x8 arch/arm/mach-bcm283x/built-in.o
                0x000000000000a8e8                phys_to_bus
 .text.bus_to_phys
                0x000000000000a8f0        0x8 arch/arm/mach-bcm283x/built-in.o
                0x000000000000a8f0                bus_to_phys
 .text          0x000000000000a8f8       0x10 board/raspberrypi/rpi/built-in.o
                0x000000000000a8f8                save_boot_params
 .text.dram_init
                0x000000000000a908       0x7c board/raspberrypi/rpi/built-in.o
                0x000000000000a908                dram_init
 .text.board_get_usable_ram_top
                0x000000000000a984       0x28 board/raspberrypi/rpi/built-in.o
                0x000000000000a984                board_get_usable_ram_top
 .text.misc_init_r
                0x000000000000a9ac      0x280 board/raspberrypi/rpi/built-in.o
                0x000000000000a9ac                misc_init_r
 .text.board_init
                0x000000000000ac2c      0x14c board/raspberrypi/rpi/built-in.o
                0x000000000000ac2c                board_init
 .text.ft_board_setup
                0x000000000000ad78       0x34 board/raspberrypi/rpi/built-in.o
                0x000000000000ad78                ft_board_setup
 .text.do_go_exec
                0x000000000000adac       0x10 cmd/built-in.o
                0x000000000000adac                do_go_exec
 .text.do_go    0x000000000000adbc       0x6c cmd/built-in.o
 .text.do_bootm
                0x000000000000ae28      0x110 cmd/built-in.o
                0x000000000000ae28                do_bootm
 .text.do_bootd
                0x000000000000af38       0x20 cmd/built-in.o
                0x000000000000af38                do_bootd
 .text.image_info
                0x000000000000af58       0xcc cmd/built-in.o
 .text.do_iminfo
                0x000000000000b024       0x54 cmd/built-in.o
 .text.bootm_maybe_autostart
                0x000000000000b078       0x78 cmd/built-in.o
                0x000000000000b078                bootm_maybe_autostart
 .text.do_help  0x000000000000b0f0       0x44 cmd/built-in.o
 .text.do_version
                0x000000000000b134       0x40 cmd/built-in.o
 .text.blk_common_cmd
                0x000000000000b174      0x314 cmd/built-in.o
                0x000000000000b174                blk_common_cmd
 .text.image_source_script
                0x000000000000b488       0xd8 cmd/built-in.o
                0x000000000000b488                image_source_script
 .text.do_source
                0x000000000000b560       0x44 cmd/built-in.o
 .text.print_num
                0x000000000000b5a4       0x18 cmd/built-in.o
 .text.do_bdinfo
                0x000000000000b5bc      0x10c cmd/built-in.o
 .text.do_blkcache
                0x000000000000b6c8       0x68 cmd/built-in.o
 .text.blkc_configure
                0x000000000000b730       0x68 cmd/built-in.o
 .text.blkc_show
                0x000000000000b798       0x40 cmd/built-in.o
 .text.efi_reserve_memory
                0x000000000000b7d8       0x78 cmd/built-in.o
 .text.do_bootefi_exec
                0x000000000000b850      0x1c4 cmd/built-in.o
 .text.efi_install_fdt
                0x000000000000ba14      0x338 cmd/built-in.o
                0x000000000000ba14                efi_install_fdt
 .text.efi_run_image
                0x000000000000bd4c       0xf8 cmd/built-in.o
                0x000000000000bd4c                efi_run_image
 .text.do_bootefi
                0x000000000000be44      0x118 cmd/built-in.o
 .text.efi_set_bootdev
                0x000000000000bf5c       0xa4 cmd/built-in.o
                0x000000000000bf5c                efi_set_bootdev
 .text.do_bootz
                0x000000000000c000       0xfc cmd/built-in.o
                0x000000000000c000                do_bootz
 .text.do_coninfo
                0x000000000000c0fc       0xc0 cmd/built-in.o
 .text.do_dm_dump_devres
                0x000000000000c1bc        0x8 cmd/built-in.o
 .text.do_dm    0x000000000000c1c4       0x74 cmd/built-in.o
 .text.do_dm_dump_drivers
                0x000000000000c238       0x10 cmd/built-in.o
 .text.do_dm_dump_uclass
                0x000000000000c248       0x10 cmd/built-in.o
 .text.do_dm_dump_all
                0x000000000000c258       0x10 cmd/built-in.o
 .text.do_echo  0x000000000000c268       0xb4 cmd/built-in.o
 .text.do_bootelf
                0x000000000000c31c      0x14c cmd/built-in.o
                0x000000000000c31c                do_bootelf
 .text.do_bootvx
                0x000000000000c468      0x310 cmd/built-in.o
                0x000000000000c468                do_bootvx
 .text.do_exit  0x000000000000c778       0x48 cmd/built-in.o
 .text.do_ext4_size
                0x000000000000c7c0       0x18 cmd/built-in.o
                0x000000000000c7c0                do_ext4_size
 .text.do_ext4_load
                0x000000000000c7d8       0x18 cmd/built-in.o
                0x000000000000c7d8                do_ext4_load
 .text.do_ext4_ls
                0x000000000000c7f0       0x18 cmd/built-in.o
                0x000000000000c7f0                do_ext4_ls
 .text.do_ext2load
                0x000000000000c808       0x18 cmd/built-in.o
                0x000000000000c808                do_ext2load
 .text.do_ext2ls
                0x000000000000c820       0x18 cmd/built-in.o
 .text.do_fat_size
                0x000000000000c838       0x18 cmd/built-in.o
                0x000000000000c838                do_fat_size
 .text.do_fat_fsload
                0x000000000000c850       0x18 cmd/built-in.o
                0x000000000000c850                do_fat_fsload
 .text.do_fat_ls
                0x000000000000c868       0x18 cmd/built-in.o
 .text.do_fat_fsinfo
                0x000000000000c880       0x8c cmd/built-in.o
 .text.do_fat_fswrite
                0x000000000000c90c      0x148 cmd/built-in.o
 .text.do_fat_rm
                0x000000000000ca54       0x18 cmd/built-in.o
 .text.do_fat_mkdir
                0x000000000000ca6c       0x18 cmd/built-in.o
 .text.fdt_valid
                0x000000000000ca84       0xbc cmd/built-in.o
 .text.is_printable_string
                0x000000000000cb40       0x88 cmd/built-in.o
 .text.print_data
                0x000000000000cbc8      0x170 cmd/built-in.o
 .text.set_working_fdt_addr
                0x000000000000cd38       0x1c cmd/built-in.o
                0x000000000000cd38                set_working_fdt_addr
 .text.do_fdt   0x000000000000cd54     0x104c cmd/built-in.o
 .text.do_size_wrapper
                0x000000000000dda0       0x18 cmd/built-in.o
 .text.do_load_wrapper
                0x000000000000ddb8       0x18 cmd/built-in.o
 .text.do_save_wrapper
                0x000000000000ddd0       0x18 cmd/built-in.o
 .text.do_ls_wrapper
                0x000000000000dde8       0x18 cmd/built-in.o
 .text.do_ln_wrapper
                0x000000000000de00       0x18 cmd/built-in.o
 .text.do_fstype_wrapper
                0x000000000000de18        0x4 cmd/built-in.o
 .text.gpio_get_description
                0x000000000000de1c       0xd8 cmd/built-in.o
 .text.do_gpio  0x000000000000def4      0x390 cmd/built-in.o
 .text.evalexp  0x000000000000e284       0x7c cmd/built-in.o
 .text.evalstr  0x000000000000e300       0x64 cmd/built-in.o
 .text.binary_test
                0x000000000000e364      0x1a4 cmd/built-in.o
 .text.do_itest
                0x000000000000e508       0x7c cmd/built-in.o
 .text.bin_data_init
                0x000000000000e584       0x2c cmd/built-in.o
 .text.k_data_save
                0x000000000000e5b0       0x4c cmd/built-in.o
 .text.k_data_restore
                0x000000000000e5fc       0x4c cmd/built-in.o
 .text.getcxmodem
                0x000000000000e648       0x20 cmd/built-in.o
 .text.load_serial_ymodem
                0x000000000000e668       0xcc cmd/built-in.o
 .text.bin_data_char
                0x000000000000e734       0x30 cmd/built-in.o
 .text.chk1.constprop.0
                0x000000000000e764       0x30 cmd/built-in.o
 .text.s1_sendpacket.constprop.0
                0x000000000000e794       0x4c cmd/built-in.o
 .text.load_serial
                0x000000000000e7e0      0x1c4 cmd/built-in.o
 .text.do_load_serial
                0x000000000000e9a4       0xd4 cmd/built-in.o
 .text.do_load_serial_bin
                0x000000000000ea78      0x788 cmd/built-in.o
 .text.do_mem_md
                0x000000000000f200       0xe8 cmd/built-in.o
 .text.do_mem_base
                0x000000000000f2e8       0x40 cmd/built-in.o
 .text.do_mem_crc
                0x000000000000f328       0x40 cmd/built-in.o
 .text.do_mem_mw
                0x000000000000f368       0xc0 cmd/built-in.o
 .text.do_mem_loop
                0x000000000000f428       0xe8 cmd/built-in.o
 .text.do_mem_cmp
                0x000000000000f510      0x150 cmd/built-in.o
 .text.mod_mem.isra.0.part.0
                0x000000000000f660      0x164 cmd/built-in.o
 .text.do_mem_mm
                0x000000000000f7c4       0x1c cmd/built-in.o
 .text.do_mem_cp
                0x000000000000f7e0       0xa8 cmd/built-in.o
 .text.do_mem_nm
                0x000000000000f888       0x1c cmd/built-in.o
 .text.extract_range
                0x000000000000f8a4       0xe0 cmd/built-in.o
 .text.dump_field
                0x000000000000f984       0x58 cmd/built-in.o
 .text.do_mii   0x000000000000f9dc      0x854 cmd/built-in.o
 .text.do_mdio  0x0000000000010230      0x7ac cmd/built-in.o
 .text.do_sleep
                0x00000000000109dc       0xd4 cmd/built-in.o
 .text.do_mmcops
                0x0000000000010ab0       0xc8 cmd/built-in.o
 .text.init_mmc_device
                0x0000000000010b78       0x70 cmd/built-in.o
 .text.do_mmc_rescan
                0x0000000000010be8       0x24 cmd/built-in.o
 .text.do_mmc_hwpartition
                0x0000000000010c0c      0x508 cmd/built-in.o
 .text.do_mmc_list
                0x0000000000011114       0x14 cmd/built-in.o
 .text.do_mmc_dev
                0x0000000000011128      0x130 cmd/built-in.o
 .text.do_mmc_boot_wp
                0x0000000000011258       0x64 cmd/built-in.o
 .text.print_mmcinfo
                0x00000000000112bc      0x3d4 cmd/built-in.o
 .text.do_mmcinfo
                0x0000000000011690       0x60 cmd/built-in.o
 .text.do_mmc_setdsr
                0x00000000000116f0       0xa4 cmd/built-in.o
 .text.do_mmc_part
                0x0000000000011794       0x60 cmd/built-in.o
 .text.do_mmc_erase
                0x00000000000117f4       0xe8 cmd/built-in.o
 .text.do_mmc_write
                0x00000000000118dc      0x100 cmd/built-in.o
 .text.do_mmc_read
                0x00000000000119dc       0xe0 cmd/built-in.o
 .text.netboot_common
                0x0000000000011abc      0x2bc cmd/built-in.o
 .text.do_bootp
                0x0000000000011d78        0xc cmd/built-in.o
 .text.do_dhcp  0x0000000000011d84        0xc cmd/built-in.o
 .text.do_nfs   0x0000000000011d90        0xc cmd/built-in.o
 .text.do_tftpb
                0x0000000000011d9c       0x40 cmd/built-in.o
                0x0000000000011d9c                do_tftpb
 .text.do_ping  0x0000000000011ddc       0x78 cmd/built-in.o
 .text.do_part_list
                0x0000000000011e54      0x178 cmd/built-in.o
 .text.do_part_info
                0x0000000000011fcc      0x11c cmd/built-in.o
 .text.do_part  0x00000000000120e8      0x128 cmd/built-in.o
 .text.do_pinmux
                0x0000000000012210       0x64 cmd/built-in.o
 .text.do_list  0x0000000000012274       0xb8 cmd/built-in.o
 .text.show_pinmux
                0x000000000001232c       0xd4 cmd/built-in.o
 .text.do_status
                0x0000000000012400       0xfc cmd/built-in.o
 .text.do_dev   0x00000000000124fc       0x88 cmd/built-in.o
 .text.do_pxe   0x0000000000012584       0x7c cmd/built-in.o
 .text.do_pxe_boot
                0x0000000000012600       0xe0 cmd/built-in.o
 .text.do_get_tftp
                0x00000000000126e0       0x40 cmd/built-in.o
 .text.do_pxe_get
                0x0000000000012720      0x164 cmd/built-in.o
 .text.eol_or_eof
                0x0000000000012884       0x20 cmd/built-in.o
 .text.label_print
                0x00000000000128a4       0x1c cmd/built-in.o
 .text.label_destroy
                0x00000000000128c0       0x84 cmd/built-in.o
 .text.get_string
                0x0000000000012944       0xc4 cmd/built-in.o
 .text.get_token
                0x0000000000012a08      0x114 cmd/built-in.o
 .text.parse_sliteral
                0x0000000000012b1c       0x54 cmd/built-in.o
 .text.parse_integer
                0x0000000000012b70       0x70 cmd/built-in.o
 .text.get_relfile
                0x0000000000012be0      0x138 cmd/built-in.o
 .text.get_relfile_envaddr
                0x0000000000012d18       0x50 cmd/built-in.o
 .text.format_mac_pxe
                0x0000000000012d68       0x90 cmd/built-in.o
                0x0000000000012d68                format_mac_pxe
 .text.label_boot
                0x0000000000012df8      0x650 cmd/built-in.o
 .text.get_pxe_file
                0x0000000000013448       0x58 cmd/built-in.o
                0x0000000000013448                get_pxe_file
 .text.handle_include
                0x00000000000134a0       0xa4 cmd/built-in.o
 .text.parse_pxefile_top
                0x0000000000013544      0x4c4 cmd/built-in.o
 .text.get_pxelinux_path
                0x0000000000013a08       0x7c cmd/built-in.o
                0x0000000000013a08                get_pxelinux_path
 .text.destroy_pxe_menu
                0x0000000000013a84       0x5c cmd/built-in.o
                0x0000000000013a84                destroy_pxe_menu
 .text.parse_pxefile
                0x0000000000013ae0       0x70 cmd/built-in.o
                0x0000000000013ae0                parse_pxefile
 .text.handle_pxe_menu
                0x0000000000013b50      0x178 cmd/built-in.o
                0x0000000000013b50                handle_pxe_menu
 .text.substitute
                0x0000000000013cc8       0xf4 cmd/built-in.o
 .text.get_arg  0x0000000000013dbc       0x58 cmd/built-in.o
 .text.regex_sub.part.0
                0x0000000000013e14      0x45c cmd/built-in.o
 .text.do_setexpr
                0x0000000000014270      0x1a8 cmd/built-in.o
 .text.do_sysboot
                0x0000000000014418      0x1e8 cmd/built-in.o
 .text.do_get_any
                0x0000000000014600       0x44 cmd/built-in.o
 .text.do_get_fat
                0x0000000000014644       0x3c cmd/built-in.o
 .text.do_get_ext2
                0x0000000000014680       0x3c cmd/built-in.o
 .text.do_false
                0x00000000000146bc        0x8 cmd/built-in.o
 .text.do_true  0x00000000000146c4        0x8 cmd/built-in.o
 .text.do_test  0x00000000000146cc      0x338 cmd/built-in.o
 .text.usb_get_class_desc
                0x0000000000014a04       0xc8 cmd/built-in.o
 .text.usb_display_class_sub
                0x0000000000014acc      0x174 cmd/built-in.o
 .text.usb_display_desc
                0x0000000000014c40      0x150 cmd/built-in.o
 .text.usb_show_tree_graph
                0x0000000000014d90      0x228 cmd/built-in.o
 .text.usb_show_subtree
                0x0000000000014fb8       0x30 cmd/built-in.o
 .text.usb_for_each_root_dev
                0x0000000000014fe8       0x6c cmd/built-in.o
 .text.usb_display_string
                0x0000000000015054       0x44 cmd/built-in.o
 .text.usb_display_config
                0x0000000000015098      0x210 cmd/built-in.o
 .text.usb_show_info
                0x00000000000152a8       0x74 cmd/built-in.o
 .text.usb_find_device
                0x000000000001531c       0xb4 cmd/built-in.o
 .text.do_usbboot
                0x00000000000153d0        0xc cmd/built-in.o
 .text.do_usb_start
                0x00000000000153dc       0x30 cmd/built-in.o
 .text.usb_show_tree
                0x000000000001540c        0xc cmd/built-in.o
                0x000000000001540c                usb_show_tree
 .text.do_usb   0x0000000000015418      0x3ec cmd/built-in.o
 .text.common_diskboot
                0x0000000000015804      0x228 cmd/built-in.o
                0x0000000000015804                common_diskboot
 .text.do_fs_uuid_wrapper
                0x0000000000015a2c       0x18 cmd/built-in.o
 .text.do_imgextract
                0x0000000000015a44      0x28c cmd/built-in.o
 .text.do_env_delete
                0x0000000000015cd0       0xa4 cmd/built-in.o
 .text.do_env_save
                0x0000000000015d74       0x14 cmd/built-in.o
 .text.do_env   0x0000000000015d88       0x68 cmd/built-in.o
 .text.env_print
                0x0000000000015df0       0xc4 cmd/built-in.o
 .text.do_env_print
                0x0000000000015eb4       0xc0 cmd/built-in.o
 .text.do_env_import
                0x0000000000015f74      0x298 cmd/built-in.o
 .text.do_env_default
                0x000000000001620c       0xa0 cmd/built-in.o
 .text.do_env_exists
                0x00000000000162ac       0x64 cmd/built-in.o
 .text._do_env_set.isra.0
                0x0000000000016310      0x1b0 cmd/built-in.o
 .text.do_env_set
                0x00000000000164c0       0x20 cmd/built-in.o
 .text.env_get_id
                0x00000000000164e0       0x10 cmd/built-in.o
                0x00000000000164e0                env_get_id
 .text.env_set  0x00000000000164f0       0x60 cmd/built-in.o
                0x00000000000164f0                env_set
 .text.env_set_ulong
                0x0000000000016550       0x20 cmd/built-in.o
                0x0000000000016550                env_set_ulong
 .text.env_set_hex
                0x0000000000016570       0x34 cmd/built-in.o
                0x0000000000016570                env_set_hex
 .text.do_env_export
                0x00000000000165a4      0x220 cmd/built-in.o
 .text.env_match
                0x00000000000167c4       0x6c cmd/built-in.o
                0x00000000000167c4                env_match
 .text.env_get_f
                0x0000000000016830       0xd4 cmd/built-in.o
                0x0000000000016830                env_get_f
 .text.env_get  0x0000000000016904       0x78 cmd/built-in.o
                0x0000000000016904                env_get
 .text.env_get_hex
                0x000000000001697c       0x38 cmd/built-in.o
                0x000000000001697c                env_get_hex
 .text.eth_env_get_enetaddr
                0x00000000000169b4       0x5c cmd/built-in.o
                0x00000000000169b4                eth_env_get_enetaddr
 .text.eth_env_set_enetaddr
                0x0000000000016a10       0x4c cmd/built-in.o
                0x0000000000016a10                eth_env_set_enetaddr
 .text.from_env
                0x0000000000016a5c       0x2c cmd/built-in.o
                0x0000000000016a5c                from_env
 .text.env_get_ulong
                0x0000000000016a88       0x30 cmd/built-in.o
                0x0000000000016a88                env_get_ulong
 .text.do_env_edit.part.0
                0x0000000000016ab8       0xb4 cmd/built-in.o
 .text.do_env_edit
                0x0000000000016b6c       0x2c cmd/built-in.o
 .text.board_init_f_alloc_reserve
                0x0000000000016b98       0x10 common/built-in.o
                0x0000000000016b98                board_init_f_alloc_reserve
 .text.board_init_f_init_reserve
                0x0000000000016ba8       0x20 common/built-in.o
                0x0000000000016ba8                board_init_f_init_reserve
 .text.show_boot_progress
                0x0000000000016bc8        0x4 common/built-in.o
                0x0000000000016bc8                show_boot_progress
 .text.main_loop
                0x0000000000016bcc       0x68 common/built-in.o
                0x0000000000016bcc                main_loop
 .text.mdelay   0x0000000000016c34        0xc common/built-in.o
 .text.dummy    0x0000000000016c40        0x4 common/built-in.o
 .text.get_version
                0x0000000000016c44        0x8 common/built-in.o
                0x0000000000016c44                get_version
 .text.jumptable_init
                0x0000000000016c4c      0x1d8 common/built-in.o
                0x0000000000016c4c                jumptable_init
 .text.hash_command
                0x0000000000016e24       0xb0 common/built-in.o
                0x0000000000016e24                hash_command
 .text.b_reset  0x0000000000016ed4       0x1c common/built-in.o
 .text.static_get
                0x0000000000016ef0       0x1c common/built-in.o
 .text.static_peek
                0x0000000000016f0c        0xc common/built-in.o
 .text.mapset   0x0000000000016f18       0x20 common/built-in.o
 .text.syntax_err
                0x0000000000016f38        0xc common/built-in.o
 .text.free_pipe_list
                0x0000000000016f44       0xe8 common/built-in.o
 .text.xmalloc  0x000000000001702c       0x20 common/built-in.o
 .text.new_pipe
                0x000000000001704c       0x28 common/built-in.o
 .text.xrealloc
                0x0000000000017074       0x20 common/built-in.o
 .text.done_command
                0x0000000000017094       0x88 common/built-in.o
 .text.done_pipe
                0x000000000001711c       0x4c common/built-in.o
 .text.done_word
                0x0000000000017168      0x2d4 common/built-in.o
 .text.is_assignment
                0x000000000001743c       0x5c common/built-in.o
 .text.file_get
                0x0000000000017498      0x1e0 common/built-in.o
 .text.do_showvar
                0x0000000000017678      0x104 common/built-in.o
 .text.b_addchr
                0x000000000001777c       0x80 common/built-in.o
 .text.b_addqchr
                0x00000000000177fc       0x50 common/built-in.o
 .text.file_peek
                0x000000000001784c        0xc common/built-in.o
 .text.get_local_var
                0x0000000000017858       0x94 common/built-in.o
                0x0000000000017858                get_local_var
 .text.set_local_var
                0x00000000000178ec      0x1a0 common/built-in.o
                0x00000000000178ec                set_local_var
 .text.insert_var_value_sub
                0x0000000000017a8c      0x2b4 common/built-in.o
 .text.parse_string_outer
                0x0000000000017d40       0xe4 common/built-in.o
                0x0000000000017d40                parse_string_outer
 .text.run_list_real
                0x0000000000017e24      0x7a4 common/built-in.o
 .text.parse_stream_outer
                0x00000000000185c8      0x6b0 common/built-in.o
 .text.parse_file_outer
                0x0000000000018c78       0x44 common/built-in.o
                0x0000000000018c78                parse_file_outer
 .text.u_boot_hush_start
                0x0000000000018cbc       0x54 common/built-in.o
                0x0000000000018cbc                u_boot_hush_start
 .text.bootdelay_process
                0x0000000000018d10       0xbc common/built-in.o
                0x0000000000018d10                bootdelay_process
 .text.autoboot_command
                0x0000000000018dcc       0xf4 common/built-in.o
                0x0000000000018dcc                autoboot_command
 .text.log_init
                0x0000000000018ec0       0x10 common/built-in.o
 .text.display_text_info
                0x0000000000018ed0        0x8 common/built-in.o
 .text.setup_mon_len
                0x0000000000018ed8       0x20 common/built-in.o
 .text.reserve_round_4k
                0x0000000000018ef8       0x18 common/built-in.o
 .text.reserve_uboot
                0x0000000000018f10       0x40 common/built-in.o
 .text.dram_init_banksize
                0x0000000000018f50       0x24 common/built-in.o
                0x0000000000018f50                dram_init_banksize
 .text.setup_reloc
                0x0000000000018f74       0x3c common/built-in.o
 .text.reserve_board
                0x0000000000018fb0       0x44 common/built-in.o
 .text.reserve_video
                0x0000000000018ff4       0x2c common/built-in.o
 .text.announce_dram_init
                0x0000000000019020       0x18 common/built-in.o
 .text.init_baud_rate
                0x0000000000019038       0x2c common/built-in.o
 .text.initf_dm
                0x0000000000019064        0x8 common/built-in.o
 .text.initf_bootstage
                0x000000000001906c       0x14 common/built-in.o
 .text.clear_bss
                0x0000000000019080        0x8 common/built-in.o
                0x0000000000019080                clear_bss
 .text.setup_spl_handoff
                0x0000000000019088        0x8 common/built-in.o
 .text.reserve_trace
                0x0000000000019090        0x8 common/built-in.o
 .text.setup_machine
                0x0000000000019098        0x8 common/built-in.o
 .text.reserve_fdt
                0x00000000000190a0        0x8 common/built-in.o
 .text.reserve_bootstage
                0x00000000000190a8        0x8 common/built-in.o
 .text.reserve_bloblist
                0x00000000000190b0        0x8 common/built-in.o
 .text.display_new_sp
                0x00000000000190b8        0x8 common/built-in.o
 .text.reloc_fdt
                0x00000000000190c0        0x8 common/built-in.o
 .text.reloc_bootstage
                0x00000000000190c8        0x8 common/built-in.o
 .text.reloc_bloblist
                0x00000000000190d0        0x8 common/built-in.o
 .text.initf_console_record
                0x00000000000190d8        0x8 common/built-in.o
 .text.reserve_arch
                0x00000000000190e0        0x8 common/built-in.o
                0x00000000000190e0                reserve_arch
 .text.arch_cpu_init_dm
                0x00000000000190e8        0x8 common/built-in.o
                0x00000000000190e8                arch_cpu_init_dm
 .text.checkcpu
                0x00000000000190f0        0x8 common/built-in.o
                0x00000000000190f0                checkcpu
 .text.reserve_malloc
                0x00000000000190f8       0x1c common/built-in.o
 .text.reserve_global_data
                0x0000000000019114       0x20 common/built-in.o
 .text.coloured_LED_init
                0x0000000000019134        0x4 common/built-in.o
                0x0000000000019134                coloured_LED_init
 .text.red_led_on
                0x0000000000019138        0x4 common/built-in.o
                0x0000000000019138                red_led_on
 .text.board_add_ram_info
                0x000000000001913c        0x4 common/built-in.o
                0x000000000001913c                board_add_ram_info
 .text.show_dram_config
                0x0000000000019140       0x38 common/built-in.o
 .text.setup_dest_addr
                0x0000000000019178       0x3c common/built-in.o
 .text.reserve_stacks
                0x00000000000191b4       0x14 common/built-in.o
 .text.board_init_f
                0x00000000000191c8       0x5c common/built-in.o
                0x00000000000191c8                board_init_f
 .text.initr_trace
                0x0000000000019224        0x8 common/built-in.o
 .text.initr_reloc
                0x000000000001922c       0x18 common/built-in.o
 .text.run_main_loop
                0x0000000000019244        0xc common/built-in.o
 .text.initr_net
                0x0000000000019250       0x1c common/built-in.o
 .text.initr_ethaddr
                0x000000000001926c       0x20 common/built-in.o
 .text.initr_jumptable
                0x000000000001928c       0x10 common/built-in.o
 .text.initr_env
                0x000000000001929c       0x64 common/built-in.o
 .text.initr_mmc
                0x0000000000019300       0x20 common/built-in.o
 .text.initr_serial
                0x0000000000019320       0x10 common/built-in.o
 .text.initr_dm
                0x0000000000019330       0x14 common/built-in.o
 .text.initr_bootstage
                0x0000000000019344       0x14 common/built-in.o
 .text.initr_malloc
                0x0000000000019358       0x24 common/built-in.o
 .text.initr_reloc_global_data
                0x000000000001937c       0x5c common/built-in.o
 .text.initr_caches
                0x00000000000193d8       0x10 common/built-in.o
 .text.initr_binman
                0x00000000000193e8        0x8 common/built-in.o
 .text.initr_barrier
                0x00000000000193f0        0x8 common/built-in.o
 .text.initr_console_record
                0x00000000000193f8        0x8 common/built-in.o
 .text.initr_dm_devices
                0x0000000000019400        0x8 common/built-in.o
 .text.power_init_board
                0x0000000000019408        0x8 common/built-in.o
                0x0000000000019408                power_init_board
 .text.initr_announce
                0x0000000000019410        0x8 common/built-in.o
 .text.cpu_secondary_init_r
                0x0000000000019418        0x4 common/built-in.o
                0x0000000000019418                cpu_secondary_init_r
 .text.initr_secondary_cpu
                0x000000000001941c       0x10 common/built-in.o
 .text.board_init_r
                0x000000000001942c       0x5c common/built-in.o
                0x000000000001942c                board_init_r
 .text.bootm_find_images
                0x0000000000019488       0xa8 common/built-in.o
                0x0000000000019488                bootm_find_images
 .text.bootm_disable_interrupts
                0x0000000000019530       0x18 common/built-in.o
                0x0000000000019530                bootm_disable_interrupts
 .text.do_bootm_states
                0x0000000000019548      0x780 common/built-in.o
                0x0000000000019548                do_bootm_states
 .text.switch_to_non_secure_mode
                0x0000000000019cc8        0x4 common/built-in.o
                0x0000000000019cc8                switch_to_non_secure_mode
 .text.do_bootm_vxworks
                0x0000000000019ccc      0x1fc common/built-in.o
                0x0000000000019ccc                do_bootm_vxworks
 .text.copy_args
                0x0000000000019ec8       0x48 common/built-in.o
 .text.do_bootm_rtems
                0x0000000000019f10       0x40 common/built-in.o
 .text.do_bootm_plan9
                0x0000000000019f50       0xa4 common/built-in.o
 .text.do_bootm_standalone
                0x0000000000019ff4       0x64 common/built-in.o
 .text.do_bootm_qnxelf
                0x000000000001a058       0x78 common/built-in.o
 .text.do_bootm_netbsd
                0x000000000001a0d0       0xf8 common/built-in.o
 .text.arch_preboot_os
                0x000000000001a1c8        0x4 common/built-in.o
                0x000000000001a1c8                arch_preboot_os
 .text.board_preboot_os
                0x000000000001a1cc        0x4 common/built-in.o
                0x000000000001a1cc                board_preboot_os
 .text.boot_selected_os
                0x000000000001a1d0       0x5c common/built-in.o
                0x000000000001a1d0                boot_selected_os
 .text.bootm_os_get_boot_func
                0x000000000001a22c       0x10 common/built-in.o
                0x000000000001a22c                bootm_os_get_boot_func
 .text.of_bus_default_map
                0x000000000001a23c       0xb8 common/built-in.o
 .text.fdt_read_prop
                0x000000000001a2f4       0x64 common/built-in.o
 .text.fdt_pack_reg
                0x000000000001a358       0xbc common/built-in.o
 .text.of_bus_default_translate
                0x000000000001a414       0x98 common/built-in.o
 .text.fdt_support_default_count_cells
                0x000000000001a4ac       0x58 common/built-in.o
                0x000000000001a4ac                fdt_support_default_count_cells
 .text.__of_translate_address
                0x000000000001a504      0x274 common/built-in.o
 .text.fdt_getprop_u32_default_node
                0x000000000001a778       0x40 common/built-in.o
                0x000000000001a778                fdt_getprop_u32_default_node
 .text.fdt_find_and_setprop
                0x000000000001a7b8       0x70 common/built-in.o
                0x000000000001a7b8                fdt_find_and_setprop
 .text.fdt_find_or_add_subnode
                0x000000000001a828       0x60 common/built-in.o
                0x000000000001a828                fdt_find_or_add_subnode
 .text.fdt_root
                0x000000000001a888       0x90 common/built-in.o
                0x000000000001a888                fdt_root
 .text.fdt_initrd
                0x000000000001a918      0x1a4 common/built-in.o
                0x000000000001a918                fdt_initrd
 .text.fdt_chosen
                0x000000000001aabc       0xa8 common/built-in.o
                0x000000000001aabc                fdt_chosen
 .text.do_fixup_by_path
                0x000000000001ab64       0x54 common/built-in.o
                0x000000000001ab64                do_fixup_by_path
 .text.fdt_fixup_memory_banks
                0x000000000001abb8      0x168 common/built-in.o
                0x000000000001abb8                fdt_fixup_memory_banks
 .text.fdt_fixup_memory
                0x000000000001ad20       0x20 common/built-in.o
                0x000000000001ad20                fdt_fixup_memory
 .text.fdt_fixup_ethernet
                0x000000000001ad40      0x1ac common/built-in.o
                0x000000000001ad40                fdt_fixup_ethernet
 .text.fdt_shrink_to_minimum
                0x000000000001aeec       0xec common/built-in.o
                0x000000000001aeec                fdt_shrink_to_minimum
 .text.fdt_translate_address
                0x000000000001afd8        0xc common/built-in.o
                0x000000000001afd8                fdt_translate_address
 .text.fdt_read_range
                0x000000000001afe4      0x13c common/built-in.o
                0x000000000001afe4                fdt_read_range
 .text.fdt_setup_simplefb_node
                0x000000000001b120      0x210 common/built-in.o
                0x000000000001b120                fdt_setup_simplefb_node
 .text.fdt_overlay_apply_verbose
                0x000000000001b330       0x6c common/built-in.o
                0x000000000001b330                fdt_overlay_apply_verbose
 .text.miiphy_get_dev_by_name
                0x000000000001b39c       0x58 common/built-in.o
                0x000000000001b39c                miiphy_get_dev_by_name
 .text.miiphy_init
                0x000000000001b3f4       0x24 common/built-in.o
                0x000000000001b3f4                miiphy_init
 .text.mdio_alloc
                0x000000000001b418       0x30 common/built-in.o
                0x000000000001b418                mdio_alloc
 .text.mdio_free
                0x000000000001b448        0x4 common/built-in.o
                0x000000000001b448                mdio_free
 .text.mdio_register
                0x000000000001b44c       0x88 common/built-in.o
                0x000000000001b44c                mdio_register
 .text.mdio_unregister
                0x000000000001b4d4       0x3c common/built-in.o
                0x000000000001b4d4                mdio_unregister
 .text.mdio_list_devices
                0x000000000001b510       0xb0 common/built-in.o
                0x000000000001b510                mdio_list_devices
 .text.miiphy_set_current_dev
                0x000000000001b5c0       0x40 common/built-in.o
                0x000000000001b5c0                miiphy_set_current_dev
 .text.miiphy_get_active_dev
                0x000000000001b600       0x54 common/built-in.o
 .text.mdio_get_current_dev
                0x000000000001b654       0x10 common/built-in.o
                0x000000000001b654                mdio_get_current_dev
 .text.mdio_phydev_for_ethname
                0x000000000001b664       0x8c common/built-in.o
                0x000000000001b664                mdio_phydev_for_ethname
 .text.miiphy_get_current_dev
                0x000000000001b6f0       0x18 common/built-in.o
                0x000000000001b6f0                miiphy_get_current_dev
 .text.miiphy_read
                0x000000000001b708       0x4c common/built-in.o
                0x000000000001b708                miiphy_read
 .text.miiphy_write
                0x000000000001b754       0x40 common/built-in.o
                0x000000000001b754                miiphy_write
 .text.miiphy_listdev
                0x000000000001b794       0x78 common/built-in.o
                0x000000000001b794                miiphy_listdev
 .text.miiphy_info
                0x000000000001b80c       0x88 common/built-in.o
                0x000000000001b80c                miiphy_info
 .text.miiphy_speed
                0x000000000001b894       0xc4 common/built-in.o
                0x000000000001b894                miiphy_speed
 .text.miiphy_duplex
                0x000000000001b958       0xbc common/built-in.o
                0x000000000001b958                miiphy_duplex
 .text.miiphy_is_1000base_x
                0x000000000001ba14        0x8 common/built-in.o
                0x000000000001ba14                miiphy_is_1000base_x
 .text.usb_set_maxpacket_ep
                0x000000000001ba1c       0x74 common/built-in.o
 .text.usb_int_msg
                0x000000000001ba90        0xc common/built-in.o
                0x000000000001ba90                usb_int_msg
 .text.usb_control_msg
                0x000000000001ba9c       0x9c common/built-in.o
                0x000000000001ba9c                usb_control_msg
 .text.usb_get_descriptor
                0x000000000001bb38       0x54 common/built-in.o
 .text.get_descriptor_len
                0x000000000001bb8c       0x90 common/built-in.o
 .text.usb_setup_descriptor
                0x000000000001bc1c       0xd8 common/built-in.o
 .text.usb_get_string
                0x000000000001bcf4       0x78 common/built-in.o
 .text.usb_string_sub
                0x000000000001bd6c      0x100 common/built-in.o
 .text.usb_bulk_msg
                0x000000000001be6c       0x74 common/built-in.o
                0x000000000001be6c                usb_bulk_msg
 .text.usb_maxpacket
                0x000000000001bee0       0x18 common/built-in.o
                0x000000000001bee0                usb_maxpacket
 .text.usb_clear_halt
                0x000000000001bef8       0x8c common/built-in.o
                0x000000000001bef8                usb_clear_halt
 .text.usb_get_configuration_len
                0x000000000001bf84       0x74 common/built-in.o
                0x000000000001bf84                usb_get_configuration_len
 .text.usb_get_configuration_no
                0x000000000001bff8       0x30 common/built-in.o
                0x000000000001bff8                usb_get_configuration_no
 .text.usb_set_interface
                0x000000000001c028       0xb4 common/built-in.o
                0x000000000001c028                usb_set_interface
 .text.usb_set_protocol
                0x000000000001c0dc       0x4c common/built-in.o
                0x000000000001c0dc                usb_set_protocol
 .text.usb_set_idle
                0x000000000001c128       0x50 common/built-in.o
                0x000000000001c128                usb_set_idle
 .text.usb_string
                0x000000000001c178      0x100 common/built-in.o
                0x000000000001c178                usb_string
 .text.usb_select_config
                0x000000000001c278      0x478 common/built-in.o
                0x000000000001c278                usb_select_config
 .text.usb_setup_device
                0x000000000001c6f0       0xf8 common/built-in.o
                0x000000000001c6f0                usb_setup_device
 .text.usb_device_has_child_on_port
                0x000000000001c7e8        0x8 common/built-in.o
                0x000000000001c7e8                usb_device_has_child_on_port
 .text.usb_find_usb2_hub_address_port
                0x000000000001c7f0       0x78 common/built-in.o
                0x000000000001c7f0                usb_find_usb2_hub_address_port
 .text.usb_set_port_feature
                0x000000000001c868       0x4c common/built-in.o
 .text.usb_clear_port_feature
                0x000000000001c8b4       0x4c common/built-in.o
 .text.usb_get_hub_descriptor
                0x000000000001c900       0x5c common/built-in.o
 .text.usb_hub_reset_devices
                0x000000000001c95c        0x4 common/built-in.o
                0x000000000001c95c                usb_hub_reset_devices
 .text.usb_hub_is_root_hub
                0x000000000001c960       0x18 common/built-in.o
                0x000000000001c960                usb_hub_is_root_hub
 .text.usb_get_port_status
                0x000000000001c978       0xac common/built-in.o
                0x000000000001c978                usb_get_port_status
 .text.usb_hub_port_connect_change
                0x000000000001ca24      0x164 common/built-in.o
                0x000000000001ca24                usb_hub_port_connect_change
 .text.usb_hub_configure
                0x000000000001cb88      0x5c8 common/built-in.o
 .text.usb_hub_scan
                0x000000000001d150       0x10 common/built-in.o
                0x000000000001d150                usb_hub_scan
 .text.usb_hub_post_probe
                0x000000000001d160        0x4 common/built-in.o
 .text.usb_stor_irq
                0x000000000001d164       0x1c common/built-in.o
 .text.usb_stor_BBB_reset
                0x000000000001d180       0xdc common/built-in.o
 .text.usb_stor_CB_reset
                0x000000000001d25c       0xd4 common/built-in.o
 .text.usb_stor_BBB_clear_endpt_stall.isra.0
                0x000000000001d330       0x40 common/built-in.o
 .text.usb_stor_BBB_transport
                0x000000000001d370      0x268 common/built-in.o
 .text.usb_stor_CB_comdat
                0x000000000001d5d8      0x210 common/built-in.o
 .text.usb_stor_CBI_get_status.isra.0
                0x000000000001d7e8       0xd4 common/built-in.o
 .text.usb_stor_CB_transport
                0x000000000001d8bc      0x220 common/built-in.o
 .text.usb_request_sense.constprop.0
                0x000000000001dadc       0x70 common/built-in.o
 .text.usb_stor_read
                0x000000000001db4c      0x170 common/built-in.o
 .text.usb_stor_write
                0x000000000001dcbc      0x170 common/built-in.o
 .text.usb_stor_info
                0x000000000001de2c       0x74 common/built-in.o
                0x000000000001de2c                usb_stor_info
 .text.usb_stor_reset
                0x000000000001dea0       0x14 common/built-in.o
                0x000000000001dea0                usb_stor_reset
 .text.usb_stor_scan
                0x000000000001deb4       0x48 common/built-in.o
                0x000000000001deb4                usb_stor_scan
 .text.usb_storage_probe
                0x000000000001defc      0x238 common/built-in.o
                0x000000000001defc                usb_storage_probe
 .text.usb_stor_get_info
                0x000000000001e134      0x30c common/built-in.o
                0x000000000001e134                usb_stor_get_info
 .text.usb_mass_storage_probe
                0x000000000001e440      0x16c common/built-in.o
 .text.iomux_doenv
                0x000000000001e5ac      0x1b4 common/built-in.o
                0x000000000001e5ac                iomux_doenv
 .text.lcd_dt_simplefb_configure_node
                0x000000000001e760       0xa8 common/built-in.o
 .text.lcd_dt_simplefb_add_node
                0x000000000001e808       0x98 common/built-in.o
                0x000000000001e808                lcd_dt_simplefb_add_node
 .text.menu_display_statusline
                0x000000000001e8a0        0x4 common/built-in.o
                0x000000000001e8a0                menu_display_statusline
 .text.menu_default_set
                0x000000000001e8a4       0x78 common/built-in.o
                0x000000000001e8a4                menu_default_set
 .text.menu_get_choice
                0x000000000001e91c      0x1e8 common/built-in.o
                0x000000000001e91c                menu_get_choice
 .text.menu_item_add
                0x000000000001eb04       0xd4 common/built-in.o
                0x000000000001eb04                menu_item_add
 .text.menu_create
                0x000000000001ebd8       0x94 common/built-in.o
                0x000000000001ebd8                menu_create
 .text.menu_destroy
                0x000000000001ec6c       0x6c common/built-in.o
                0x000000000001ec6c                menu_destroy
 .text.usb_kbd_put_queue
                0x000000000001ecd8       0x44 common/built-in.o
 .text.usb_kbd_remove
                0x000000000001ed1c       0x94 common/built-in.o
 .text.usb_kbd_translate.part.0
                0x000000000001edb0      0x1e8 common/built-in.o
 .text.usb_kbd_probe
                0x000000000001ef98      0x1dc common/built-in.o
 .text.usb_kbd_irq_worker
                0x000000000001f174      0x1a8 common/built-in.o
 .text.usb_kbd_getc
                0x000000000001f31c       0x80 common/built-in.o
 .text.usb_kbd_testc
                0x000000000001f39c       0xa4 common/built-in.o
 .text.usb_kbd_irq
                0x000000000001f440       0x24 common/built-in.o
 .text.delete_char.part.0
                0x000000000001f464       0xd0 common/built-in.o
 .text.cread_add_char
                0x000000000001f534       0xe4 common/built-in.o
 .text.cli_readline_into_buffer
                0x000000000001f618      0xa18 common/built-in.o
                0x000000000001f618                cli_readline_into_buffer
 .text.cli_readline
                0x0000000000020030       0x14 common/built-in.o
                0x0000000000020030                cli_readline
 .text.cli_simple_process_macros
                0x0000000000020044      0x1e0 common/built-in.o
                0x0000000000020044                cli_simple_process_macros
 .text.console_tstc
                0x0000000000020224       0x8c common/built-in.o
 .text.console_putc
                0x00000000000202b0       0x50 common/built-in.o
 .text.console_puts
                0x0000000000020300       0x50 common/built-in.o
 .text.on_console
                0x0000000000020350       0xb8 common/built-in.o
 .text.serial_printf
                0x0000000000020408       0x48 common/built-in.o
                0x0000000000020408                serial_printf
 .text.puts     0x0000000000020450       0x30 common/built-in.o
                0x0000000000020450                puts
 .text.putc     0x0000000000020480       0x30 common/built-in.o
                0x0000000000020480                putc
 .text.console_getc.isra.0
                0x00000000000204b0       0x28 common/built-in.o
 .text.tstc     0x00000000000204d8       0x24 common/built-in.o
                0x00000000000204d8                tstc
 .text.getc     0x00000000000204fc       0x44 common/built-in.o
                0x00000000000204fc                getc
 .text.fputs    0x0000000000020540        0xc common/built-in.o
                0x0000000000020540                fputs
 .text.ctrlc    0x000000000002054c       0x60 common/built-in.o
                0x000000000002054c                ctrlc
 .text.disable_ctrlc
                0x00000000000205ac       0x18 common/built-in.o
                0x00000000000205ac                disable_ctrlc
 .text.had_ctrlc
                0x00000000000205c4       0x10 common/built-in.o
                0x00000000000205c4                had_ctrlc
 .text.clear_ctrlc
                0x00000000000205d4       0x14 common/built-in.o
                0x00000000000205d4                clear_ctrlc
 .text.search_device
                0x00000000000205e8       0x28 common/built-in.o
                0x00000000000205e8                search_device
 .text.console_assign
                0x0000000000020610       0xd0 common/built-in.o
                0x0000000000020610                console_assign
 .text.console_init_f
                0x00000000000206e0       0x10 common/built-in.o
                0x00000000000206e0                console_init_f
 .text.stdio_print_current_devices
                0x00000000000206f0       0xb0 common/built-in.o
                0x00000000000206f0                stdio_print_current_devices
 .text.console_init_r
                0x00000000000207a0      0x194 common/built-in.o
                0x00000000000207a0                console_init_r
 .text.sbrk     0x0000000000020934       0x6c common/built-in.o
                0x0000000000020934                sbrk
 .text.mem_malloc_init
                0x00000000000209a0       0x34 common/built-in.o
                0x00000000000209a0                mem_malloc_init
 .text.malloc_trim
                0x00000000000209d4       0xd0 common/built-in.o
                0x00000000000209d4                malloc_trim
 .text.free     0x0000000000020aa4      0x240 common/built-in.o
                0x0000000000020aa4                free
 .text.malloc   0x0000000000020ce4      0x618 common/built-in.o
                0x0000000000020ce4                malloc
 .text.calloc   0x00000000000212fc       0xe8 common/built-in.o
                0x00000000000212fc                calloc
 .text.realloc  0x00000000000213e4      0x428 common/built-in.o
                0x00000000000213e4                realloc
 .text.memalign
                0x000000000002180c      0x188 common/built-in.o
                0x000000000002180c                memalign
 .text.initf_malloc
                0x0000000000021994       0x18 common/built-in.o
                0x0000000000021994                initf_malloc
 .text.alloc_simple
                0x00000000000219ac       0x60 common/built-in.o
 .text.malloc_simple
                0x0000000000021a0c        0x8 common/built-in.o
                0x0000000000021a0c                malloc_simple
 .text.memalign_simple
                0x0000000000021a14       0x10 common/built-in.o
                0x0000000000021a14                memalign_simple
 .text.on_loadaddr
                0x0000000000021a24       0x34 common/built-in.o
 .text.image_check_hcrc
                0x0000000000021a58       0x4c common/built-in.o
                0x0000000000021a58                image_check_hcrc
 .text.image_check_dcrc
                0x0000000000021aa4       0x38 common/built-in.o
                0x0000000000021aa4                image_check_dcrc
 .text.image_multi_count
                0x0000000000021adc       0x1c common/built-in.o
                0x0000000000021adc                image_multi_count
 .text.image_multi_getimg
                0x0000000000021af8       0x78 common/built-in.o
                0x0000000000021af8                image_multi_getimg
 .text.env_get_bootm_low
                0x0000000000021b70       0x28 common/built-in.o
                0x0000000000021b70                env_get_bootm_low
 .text.env_get_bootm_size
                0x0000000000021b98       0x68 common/built-in.o
                0x0000000000021b98                env_get_bootm_size
 .text.env_get_bootm_mapsize
                0x0000000000021c00       0x30 common/built-in.o
                0x0000000000021c00                env_get_bootm_mapsize
 .text.memmove_wd
                0x0000000000021c30        0xc common/built-in.o
                0x0000000000021c30                memmove_wd
 .text.genimg_print_size
                0x0000000000021c3c       0x30 common/built-in.o
                0x0000000000021c3c                genimg_print_size
 .text.get_table_entry
                0x0000000000021c6c       0x24 common/built-in.o
                0x0000000000021c6c                get_table_entry
 .text.get_table_entry_name
                0x0000000000021c90       0x20 common/built-in.o
                0x0000000000021c90                get_table_entry_name
 .text.genimg_get_os_name
                0x0000000000021cb0       0x18 common/built-in.o
                0x0000000000021cb0                genimg_get_os_name
 .text.genimg_get_arch_name
                0x0000000000021cc8       0x18 common/built-in.o
                0x0000000000021cc8                genimg_get_arch_name
 .text.genimg_get_type_name
                0x0000000000021ce0       0x18 common/built-in.o
                0x0000000000021ce0                genimg_get_type_name
 .text.image_decomp
                0x0000000000021cf8       0xe8 common/built-in.o
                0x0000000000021cf8                image_decomp
 .text.genimg_get_comp_name
                0x0000000000021de0       0x18 common/built-in.o
                0x0000000000021de0                genimg_get_comp_name
 .text.image_print_contents
                0x0000000000021df8      0x1ac common/built-in.o
                0x0000000000021df8                image_print_contents
 .text.genimg_get_kernel_addr_fit
                0x0000000000021fa4       0x24 common/built-in.o
                0x0000000000021fa4                genimg_get_kernel_addr_fit
 .text.genimg_get_kernel_addr
                0x0000000000021fc8       0x24 common/built-in.o
                0x0000000000021fc8                genimg_get_kernel_addr
 .text.genimg_get_format
                0x0000000000021fec       0x34 common/built-in.o
                0x0000000000021fec                genimg_get_format
 .text.genimg_has_config
                0x0000000000022020        0x8 common/built-in.o
                0x0000000000022020                genimg_has_config
 .text.boot_get_ramdisk
                0x0000000000022028      0x27c common/built-in.o
                0x0000000000022028                boot_get_ramdisk
 .text.boot_ramdisk_high
                0x00000000000222a4      0x124 common/built-in.o
                0x00000000000222a4                boot_ramdisk_high
 .text.boot_get_setup
                0x00000000000223c8        0x8 common/built-in.o
                0x00000000000223c8                boot_get_setup
 .text.image_setup_linux
                0x00000000000223d0       0x60 common/built-in.o
                0x00000000000223d0                image_setup_linux
 .text.fdt_error
                0x0000000000022430       0x2c common/built-in.o
 .text.boot_fdt_add_mem_rsv_regions
                0x000000000002245c      0x19c common/built-in.o
                0x000000000002245c                boot_fdt_add_mem_rsv_regions
 .text.boot_relocate_fdt
                0x00000000000225f8      0x194 common/built-in.o
                0x00000000000225f8                boot_relocate_fdt
 .text.boot_get_fdt
                0x000000000002278c      0x27c common/built-in.o
                0x000000000002278c                boot_get_fdt
 .text.ft_verify_fdt
                0x0000000000022a08        0x8 common/built-in.o
                0x0000000000022a08                ft_verify_fdt
 .text.image_setup_libfdt
                0x0000000000022a10      0x144 common/built-in.o
                0x0000000000022a10                image_setup_libfdt
 .text.get_effective_memsize
                0x0000000000022b54        0x8 common/built-in.o
                0x0000000000022b54                get_effective_memsize
 .text.nulldev_putc
                0x0000000000022b5c        0x4 common/built-in.o
 .text.nulldev_puts
                0x0000000000022b60        0x4 common/built-in.o
 .text.nulldev_input
                0x0000000000022b64        0x8 common/built-in.o
 .text.stdio_serial_tstc
                0x0000000000022b6c        0x4 common/built-in.o
 .text.stdio_serial_getc
                0x0000000000022b70        0x4 common/built-in.o
 .text.stdio_serial_puts
                0x0000000000022b74        0x8 common/built-in.o
 .text.stdio_serial_putc
                0x0000000000022b7c        0x8 common/built-in.o
 .text.stdio_get_list
                0x0000000000022b84        0xc common/built-in.o
                0x0000000000022b84                stdio_get_list
 .text.stdio_get_by_name
                0x0000000000022b90       0xf4 common/built-in.o
                0x0000000000022b90                stdio_get_by_name
 .text.stdio_clone
                0x0000000000022c84       0x38 common/built-in.o
                0x0000000000022c84                stdio_clone
 .text.stdio_register_dev
                0x0000000000022cbc       0x50 common/built-in.o
                0x0000000000022cbc                stdio_register_dev
 .text.stdio_register
                0x0000000000022d0c        0x8 common/built-in.o
                0x0000000000022d0c                stdio_register
 .text.stdio_deregister_dev
                0x0000000000022d14      0x100 common/built-in.o
                0x0000000000022d14                stdio_deregister_dev
 .text.stdio_init_tables
                0x0000000000022e14       0x1c common/built-in.o
                0x0000000000022e14                stdio_init_tables
 .text.stdio_add_devices
                0x0000000000022e30      0x130 common/built-in.o
                0x0000000000022e30                stdio_add_devices
 .text.run_command
                0x0000000000022f60       0x10 common/built-in.o
                0x0000000000022f60                run_command
 .text.run_command_list
                0x0000000000022f70       0x7c common/built-in.o
                0x0000000000022f70                run_command_list
 .text.do_run   0x0000000000022fec       0x74 common/built-in.o
                0x0000000000022fec                do_run
 .text.cli_process_fdt
                0x0000000000023060       0x40 common/built-in.o
                0x0000000000023060                cli_process_fdt
 .text.cli_secure_boot_cmd
                0x00000000000230a0       0x78 common/built-in.o
                0x00000000000230a0                cli_secure_boot_cmd
 .text.cli_loop
                0x0000000000023118       0x14 common/built-in.o
                0x0000000000023118                cli_loop
 .text.cli_init
                0x000000000002312c        0x4 common/built-in.o
                0x000000000002312c                cli_init
 .text.find_cmd_tbl
                0x0000000000023130       0xa4 common/built-in.o
                0x0000000000023130                find_cmd_tbl
 .text.find_cmd
                0x00000000000231d4       0x28 common/built-in.o
                0x00000000000231d4                find_cmd
 .text.cmd_usage
                0x00000000000231fc       0x5c common/built-in.o
                0x00000000000231fc                cmd_usage
 .text._do_help
                0x0000000000023258      0x188 common/built-in.o
                0x0000000000023258                _do_help
 .text.var_complete
                0x00000000000233e0       0x98 common/built-in.o
                0x00000000000233e0                var_complete
 .text.complete_subcmdv
                0x0000000000023478      0x1b4 common/built-in.o
                0x0000000000023478                complete_subcmdv
 .text.cmd_auto_complete
                0x000000000002362c      0x404 common/built-in.o
                0x000000000002362c                cmd_auto_complete
 .text.cmd_get_data_size
                0x0000000000023a30       0x50 common/built-in.o
                0x0000000000023a30                cmd_get_data_size
 .text.cmd_always_repeatable
                0x0000000000023a80       0x20 common/built-in.o
                0x0000000000023a80                cmd_always_repeatable
 .text.cmd_never_repeatable
                0x0000000000023aa0       0x20 common/built-in.o
                0x0000000000023aa0                cmd_never_repeatable
 .text.cmd_process
                0x0000000000023ac0      0x154 common/built-in.o
                0x0000000000023ac0                cmd_process
 .text.cmd_process_error
                0x0000000000023c14       0x3c common/built-in.o
                0x0000000000023c14                cmd_process_error
 .text.hex1_bin
                0x0000000000023c50       0x3c common/built-in.o
 .text.hex2_bin
                0x0000000000023c8c       0x38 common/built-in.o
 .text.srec_decode
                0x0000000000023cc4      0x248 common/built-in.o
                0x0000000000023cc4                srec_decode
 .text.CYGACC_COMM_IF_GETC_TIMEOUT.isra.0
                0x0000000000023f0c       0x4c common/built-in.o
 .text.xyzModem_flush
                0x0000000000023f58       0x1c common/built-in.o
 .text.xyzModem_get_hdr
                0x0000000000023f74      0x214 common/built-in.o
 .text.xyzModem_stream_open
                0x0000000000024188      0x208 common/built-in.o
                0x0000000000024188                xyzModem_stream_open
 .text.xyzModem_stream_read
                0x0000000000024390      0x24c common/built-in.o
                0x0000000000024390                xyzModem_stream_read
 .text.xyzModem_stream_close
                0x00000000000245dc       0x54 common/built-in.o
                0x00000000000245dc                xyzModem_stream_close
 .text.xyzModem_stream_terminate
                0x0000000000024630       0x94 common/built-in.o
                0x0000000000024630                xyzModem_stream_terminate
 .text.xyzModem_error
                0x00000000000246c4       0x1c common/built-in.o
                0x00000000000246c4                xyzModem_error
 .text.part_driver_lookup_type
                0x00000000000246e0       0x88 disk/built-in.o
 .text.dev_print
                0x0000000000024768      0x238 disk/built-in.o
                0x0000000000024768                dev_print
 .text.part_init
                0x00000000000249a0       0x60 disk/built-in.o
                0x00000000000249a0                part_init
 .text.part_print
                0x0000000000024a00      0x12c disk/built-in.o
                0x0000000000024a00                part_print
 .text.part_get_info
                0x0000000000024b2c       0x60 disk/built-in.o
                0x0000000000024b2c                part_get_info
 .text.part_get_info_whole_disk
                0x0000000000024b8c       0x50 disk/built-in.o
                0x0000000000024b8c                part_get_info_whole_disk
 .text.blk_get_device_by_str
                0x0000000000024bdc      0x12c disk/built-in.o
                0x0000000000024bdc                blk_get_device_by_str
 .text.blk_get_device_part_str
                0x0000000000024d08      0x3d0 disk/built-in.o
                0x0000000000024d08                blk_get_device_part_str
 .text.part_get_info_by_name_type
                0x00000000000250d8       0x74 disk/built-in.o
                0x00000000000250d8                part_get_info_by_name_type
 .text.part_get_info_by_name
                0x000000000002514c        0x8 disk/built-in.o
                0x000000000002514c                part_get_info_by_name
 .text.part_set_generic_name
                0x0000000000025154       0x4c disk/built-in.o
                0x0000000000025154                part_set_generic_name
 .text.test_block_type
                0x00000000000251a0       0xc4 disk/built-in.o
 .text.part_test_dos
                0x0000000000025264       0x88 disk/built-in.o
 .text.part_get_info_extended
                0x00000000000252ec      0x2cc disk/built-in.o
 .text.part_get_info_dos
                0x00000000000255b8       0x28 disk/built-in.o
                0x00000000000255b8                part_get_info_dos
 .text.print_partition_extended
                0x00000000000255e0      0x280 disk/built-in.o
 .text.part_print_dos
                0x0000000000025860       0x34 disk/built-in.o
                0x0000000000025860                part_print_dos
 .text.iso_dread
                0x0000000000025894       0x30 disk/built-in.o
                0x0000000000025894                iso_dread
 .text.part_get_info_iso_verb
                0x00000000000258c4      0x384 disk/built-in.o
                0x00000000000258c4                part_get_info_iso_verb
 .text.part_test_iso
                0x0000000000025c48       0x20 disk/built-in.o
 .text.part_print_iso
                0x0000000000025c68       0x98 disk/built-in.o
 .text.part_get_info_iso
                0x0000000000025d00        0x8 disk/built-in.o
 .text.print_efiname
                0x0000000000025d08       0x58 disk/built-in.o
 .text.part_test_efi
                0x0000000000025d60       0xd0 disk/built-in.o
 .text.validate_gpt_entries
                0x0000000000025e30       0x98 disk/built-in.o
 .text.validate_gpt_header
                0x0000000000025ec8      0x228 disk/built-in.o
 .text.is_gpt_valid
                0x00000000000260f0      0x2e0 disk/built-in.o
 .text.is_pte_valid
                0x00000000000263d0       0x58 disk/built-in.o
 .text.find_valid_gpt
                0x0000000000026428       0xb0 disk/built-in.o
 .text.part_print_efi
                0x00000000000264d8      0x21c disk/built-in.o
                0x00000000000264d8                part_print_efi
 .text.part_get_info_efi
                0x00000000000266f4      0x1a8 disk/built-in.o
                0x00000000000266f4                part_get_info_efi
 .text.device_bind_common.isra.0
                0x000000000002689c      0x350 drivers/built-in.o
 .text.alloc_priv
                0x0000000000026bec       0x54 drivers/built-in.o
 .text.device_bind_with_driver_data
                0x0000000000026c40       0x24 drivers/built-in.o
                0x0000000000026c40                device_bind_with_driver_data
 .text.device_bind
                0x0000000000026c64       0x28 drivers/built-in.o
                0x0000000000026c64                device_bind
 .text.device_bind_by_name
                0x0000000000026c8c       0x6c drivers/built-in.o
                0x0000000000026c8c                device_bind_by_name
 .text.device_ofdata_to_platdata
                0x0000000000026cf8      0x158 drivers/built-in.o
                0x0000000000026cf8                device_ofdata_to_platdata
 .text.device_probe
                0x0000000000026e50      0x1a0 drivers/built-in.o
                0x0000000000026e50                device_probe
 .text.dev_get_platdata
                0x0000000000026ff0       0x2c drivers/built-in.o
                0x0000000000026ff0                dev_get_platdata
 .text.dev_get_parent_platdata
                0x000000000002701c       0x2c drivers/built-in.o
                0x000000000002701c                dev_get_parent_platdata
 .text.dev_get_uclass_platdata
                0x0000000000027048       0x2c drivers/built-in.o
                0x0000000000027048                dev_get_uclass_platdata
 .text.dev_get_priv
                0x0000000000027074       0x2c drivers/built-in.o
                0x0000000000027074                dev_get_priv
 .text.dev_get_uclass_priv
                0x00000000000270a0       0x2c drivers/built-in.o
                0x00000000000270a0                dev_get_uclass_priv
 .text.dev_get_parent_priv
                0x00000000000270cc       0x2c drivers/built-in.o
                0x00000000000270cc                dev_get_parent_priv
 .text.device_find_first_child
                0x00000000000270f8       0x1c drivers/built-in.o
                0x00000000000270f8                device_find_first_child
 .text.device_find_next_child
                0x0000000000027114       0x28 drivers/built-in.o
                0x0000000000027114                device_find_next_child
 .text.dev_get_parent
                0x000000000002713c        0x8 drivers/built-in.o
                0x000000000002713c                dev_get_parent
 .text.dev_get_driver_data
                0x0000000000027144        0x8 drivers/built-in.o
                0x0000000000027144                dev_get_driver_data
 .text.device_get_uclass_id
                0x000000000002714c       0x10 drivers/built-in.o
                0x000000000002714c                device_get_uclass_id
 .text.device_has_active_children
                0x000000000002715c       0x40 drivers/built-in.o
                0x000000000002715c                device_has_active_children
 .text.device_is_last_sibling
                0x000000000002719c       0x28 drivers/built-in.o
                0x000000000002719c                device_is_last_sibling
 .text.device_set_name_alloced
                0x00000000000271c4       0x10 drivers/built-in.o
                0x00000000000271c4                device_set_name_alloced
 .text.devfdt_get_addr_index
                0x00000000000271d4       0xbc drivers/built-in.o
                0x00000000000271d4                devfdt_get_addr_index
 .text.devfdt_get_addr
                0x0000000000027290        0x8 drivers/built-in.o
                0x0000000000027290                devfdt_get_addr
 .text.devfdt_get_addr_ptr
                0x0000000000027298        0x8 drivers/built-in.o
                0x0000000000027298                devfdt_get_addr_ptr
 .text.lists_driver_lookup_name
                0x00000000000272a0       0x48 drivers/built-in.o
                0x00000000000272a0                lists_driver_lookup_name
 .text.lists_uclass_lookup
                0x00000000000272e8       0x38 drivers/built-in.o
                0x00000000000272e8                lists_uclass_lookup
 .text.lists_bind_drivers
                0x0000000000027320       0x8c drivers/built-in.o
                0x0000000000027320                lists_bind_drivers
 .text.device_bind_driver_to_node
                0x00000000000273ac       0x48 drivers/built-in.o
                0x00000000000273ac                device_bind_driver_to_node
 .text.device_bind_driver
                0x00000000000273f4       0x18 drivers/built-in.o
                0x00000000000273f4                device_bind_driver
 .text.lists_bind_fdt
                0x000000000002740c      0x194 drivers/built-in.o
                0x000000000002740c                lists_bind_fdt
 .text.dm_scan_fdt_node
                0x00000000000275a0       0xac drivers/built-in.o
 .text.dm_root  0x000000000002764c       0x2c drivers/built-in.o
                0x000000000002764c                dm_root
 .text.dm_init  0x0000000000027678       0x60 drivers/built-in.o
                0x0000000000027678                dm_init
 .text.dm_remove_devices_flags
                0x00000000000276d8       0x1c drivers/built-in.o
                0x00000000000276d8                dm_remove_devices_flags
 .text.dm_scan_platdata
                0x00000000000276f4       0x2c drivers/built-in.o
                0x00000000000276f4                dm_scan_platdata
 .text.dm_scan_fdt_dev
                0x0000000000027720       0x28 drivers/built-in.o
                0x0000000000027720                dm_scan_fdt_dev
 .text.dm_scan_fdt
                0x0000000000027748       0x18 drivers/built-in.o
                0x0000000000027748                dm_scan_fdt
 .text.dm_extended_scan_fdt
                0x0000000000027760       0x84 drivers/built-in.o
                0x0000000000027760                dm_extended_scan_fdt
 .text.dm_scan_other
                0x00000000000277e4        0x8 drivers/built-in.o
                0x00000000000277e4                dm_scan_other
 .text.dm_init_and_scan
                0x00000000000277ec       0x48 drivers/built-in.o
                0x00000000000277ec                dm_init_and_scan
 .text.uclass_find
                0x0000000000027834       0x4c drivers/built-in.o
                0x0000000000027834                uclass_find
 .text.uclass_get
                0x0000000000027880      0x11c drivers/built-in.o
                0x0000000000027880                uclass_get
 .text.dev_get_uclass_index
                0x000000000002799c       0x58 drivers/built-in.o
                0x000000000002799c                dev_get_uclass_index
 .text.uclass_find_device
                0x00000000000279f4       0x74 drivers/built-in.o
                0x00000000000279f4                uclass_find_device
 .text.uclass_find_first_device
                0x0000000000027a68       0x3c drivers/built-in.o
                0x0000000000027a68                uclass_find_first_device
 .text.uclass_find_next_device
                0x0000000000027aa4       0x2c drivers/built-in.o
                0x0000000000027aa4                uclass_find_next_device
 .text.uclass_find_device_by_name
                0x0000000000027ad0       0x78 drivers/built-in.o
                0x0000000000027ad0                uclass_find_device_by_name
 .text.uclass_find_device_by_seq
                0x0000000000027b48       0x7c drivers/built-in.o
                0x0000000000027b48                uclass_find_device_by_seq
 .text.uclass_find_device_by_of_offset
                0x0000000000027bc4       0x68 drivers/built-in.o
                0x0000000000027bc4                uclass_find_device_by_of_offset
 .text.uclass_find_device_by_ofnode
                0x0000000000027c2c       0x6c drivers/built-in.o
                0x0000000000027c2c                uclass_find_device_by_ofnode
 .text.uclass_find_device_by_phandle
                0x0000000000027c98       0x98 drivers/built-in.o
                0x0000000000027c98                uclass_find_device_by_phandle
 .text.uclass_get_device_tail
                0x0000000000027d30       0x30 drivers/built-in.o
                0x0000000000027d30                uclass_get_device_tail
 .text.uclass_get_device
                0x0000000000027d60       0x30 drivers/built-in.o
                0x0000000000027d60                uclass_get_device
 .text.uclass_get_device_by_name
                0x0000000000027d90       0x30 drivers/built-in.o
                0x0000000000027d90                uclass_get_device_by_name
 .text.uclass_get_device_by_seq
                0x0000000000027dc0       0x54 drivers/built-in.o
                0x0000000000027dc0                uclass_get_device_by_seq
 .text.uclass_get_device_by_of_offset
                0x0000000000027e14       0x30 drivers/built-in.o
                0x0000000000027e14                uclass_get_device_by_of_offset
 .text.uclass_get_device_by_ofnode
                0x0000000000027e44       0x30 drivers/built-in.o
                0x0000000000027e44                uclass_get_device_by_ofnode
 .text.uclass_get_device_by_phandle_id
                0x0000000000027e74       0x84 drivers/built-in.o
                0x0000000000027e74                uclass_get_device_by_phandle_id
 .text.uclass_get_device_by_phandle
                0x0000000000027ef8       0x30 drivers/built-in.o
                0x0000000000027ef8                uclass_get_device_by_phandle
 .text.uclass_first_device
                0x0000000000027f28       0x38 drivers/built-in.o
                0x0000000000027f28                uclass_first_device
 .text.uclass_first_device_err
                0x0000000000027f60       0x24 drivers/built-in.o
                0x0000000000027f60                uclass_first_device_err
 .text.uclass_next_device
                0x0000000000027f84       0x40 drivers/built-in.o
                0x0000000000027f84                uclass_next_device
 .text.uclass_next_device_err
                0x0000000000027fc4       0x24 drivers/built-in.o
                0x0000000000027fc4                uclass_next_device_err
 .text.uclass_first_device_check
                0x0000000000027fe8       0x34 drivers/built-in.o
                0x0000000000027fe8                uclass_first_device_check
 .text.uclass_next_device_check
                0x000000000002801c       0x2c drivers/built-in.o
                0x000000000002801c                uclass_next_device_check
 .text.uclass_bind_device
                0x0000000000028048       0x7c drivers/built-in.o
                0x0000000000028048                uclass_bind_device
 .text.uclass_unbind_device
                0x00000000000280c4       0x4c drivers/built-in.o
                0x00000000000280c4                uclass_unbind_device
 .text.uclass_resolve_seq
                0x0000000000028110       0xb4 drivers/built-in.o
                0x0000000000028110                uclass_resolve_seq
 .text.uclass_pre_probe_device
                0x00000000000281c4       0x60 drivers/built-in.o
                0x00000000000281c4                uclass_pre_probe_device
 .text.uclass_post_probe_device
                0x0000000000028224       0x60 drivers/built-in.o
                0x0000000000028224                uclass_post_probe_device
 .text.uclass_pre_remove_device
                0x0000000000028284       0x20 drivers/built-in.o
                0x0000000000028284                uclass_pre_remove_device
 .text.dm_warn  0x00000000000282a4       0x28 drivers/built-in.o
                0x00000000000282a4                dm_warn
 .text.device_unbind
                0x00000000000282cc      0x108 drivers/built-in.o
                0x00000000000282cc                device_unbind
 .text.device_chld_unbind
                0x00000000000283d4       0x90 drivers/built-in.o
                0x00000000000283d4                device_chld_unbind
 .text.device_free
                0x0000000000028464       0x9c drivers/built-in.o
                0x0000000000028464                device_free
 .text.device_remove
                0x0000000000028500      0x148 drivers/built-in.o
                0x0000000000028500                device_remove
 .text.device_chld_remove
                0x0000000000028648       0x68 drivers/built-in.o
                0x0000000000028648                device_chld_remove
 .text.simple_bus_post_bind
                0x00000000000286b0       0x58 drivers/built-in.o
 .text.show_devices
                0x0000000000028708      0x108 drivers/built-in.o
 .text.dm_dump_all
                0x0000000000028810       0x3c drivers/built-in.o
                0x0000000000028810                dm_dump_all
 .text.dm_dump_uclass
                0x000000000002884c       0xf8 drivers/built-in.o
                0x000000000002884c                dm_dump_uclass
 .text.dm_dump_drivers
                0x0000000000028944       0xc0 drivers/built-in.o
                0x0000000000028944                dm_dump_drivers
 .text.ofnode_read_u32_index
                0x0000000000028a04       0x60 drivers/built-in.o
                0x0000000000028a04                ofnode_read_u32_index
 .text.ofnode_read_u32_default
                0x0000000000028a64       0x20 drivers/built-in.o
                0x0000000000028a64                ofnode_read_u32_default
 .text.ofnode_read_u64
                0x0000000000028a84       0x5c drivers/built-in.o
                0x0000000000028a84                ofnode_read_u64